Archive member included because of file (symbol)

/usr/local/3rdparty/altera/quartus101/nios2eds/bin/gnu/H-i686-pc-linux-gnu/bin/../lib/gcc/nios2-elf/4.1.2/libgcc.a(lib2-divmod.o)
                              obj/hello_world.o (__divsi3)
/usr/local/3rdparty/altera/quartus101/nios2eds/bin/gnu/H-i686-pc-linux-gnu/bin/../lib/gcc/nios2-elf/4.1.2/../../../../nios2-elf/lib/libc.a(lib_a-exit.o)
                              obj/hello_world.o (exit)
/usr/local/3rdparty/altera/quartus101/nios2eds/bin/gnu/H-i686-pc-linux-gnu/bin/../lib/gcc/nios2-elf/4.1.2/../../../../nios2-elf/lib/libc.a(lib_a-impure.o)
                              /usr/local/3rdparty/altera/quartus101/nios2eds/bin/gnu/H-i686-pc-linux-gnu/bin/../lib/gcc/nios2-elf/4.1.2/../../../../nios2-elf/lib/libc.a(lib_a-exit.o) (_global_impure_ptr)
/usr/local/3rdparty/altera/quartus101/nios2eds/bin/gnu/H-i686-pc-linux-gnu/bin/../lib/gcc/nios2-elf/4.1.2/../../../../nios2-elf/lib/libc.a(lib_a-malloc.o)
                              obj/./graphics_lib/simple_graphics.o (free)
/usr/local/3rdparty/altera/quartus101/nios2eds/bin/gnu/H-i686-pc-linux-gnu/bin/../lib/gcc/nios2-elf/4.1.2/../../../../nios2-elf/lib/libc.a(lib_a-mallocr.o)
                              /usr/local/3rdparty/altera/quartus101/nios2eds/bin/gnu/H-i686-pc-linux-gnu/bin/../lib/gcc/nios2-elf/4.1.2/../../../../nios2-elf/lib/libc.a(lib_a-malloc.o) (_malloc_r)
/usr/local/3rdparty/altera/quartus101/nios2eds/bin/gnu/H-i686-pc-linux-gnu/bin/../lib/gcc/nios2-elf/4.1.2/../../../../nios2-elf/lib/libc.a(lib_a-memcpy.o)
                              obj/./graphics_lib/simple_graphics.o (memcpy)
/usr/local/3rdparty/altera/quartus101/nios2eds/bin/gnu/H-i686-pc-linux-gnu/bin/../lib/gcc/nios2-elf/4.1.2/../../../../nios2-elf/lib/libc.a(lib_a-puts.o)
                              obj/hello_world.o (puts)
/usr/local/3rdparty/altera/quartus101/nios2eds/bin/gnu/H-i686-pc-linux-gnu/bin/../lib/gcc/nios2-elf/4.1.2/../../../../nios2-elf/lib/libc.a(lib_a-sbrkr.o)
                              /usr/local/3rdparty/altera/quartus101/nios2eds/bin/gnu/H-i686-pc-linux-gnu/bin/../lib/gcc/nios2-elf/4.1.2/../../../../nios2-elf/lib/libc.a(lib_a-mallocr.o) (_sbrk_r)
/usr/local/3rdparty/altera/quartus101/nios2eds/bin/gnu/H-i686-pc-linux-gnu/bin/../lib/gcc/nios2-elf/4.1.2/../../../../nios2-elf/lib/libc.a(lib_a-strcpy.o)
                              obj/./graphics_lib/simple_graphics.o (strcpy)
/usr/local/3rdparty/altera/quartus101/nios2eds/bin/gnu/H-i686-pc-linux-gnu/bin/../lib/gcc/nios2-elf/4.1.2/../../../../nios2-elf/lib/libc.a(lib_a-strlen.o)
                              obj/./graphics_lib/simple_graphics.o (strlen)
/usr/local/3rdparty/altera/quartus101/nios2eds/bin/gnu/H-i686-pc-linux-gnu/bin/../lib/gcc/nios2-elf/4.1.2/../../../../nios2-elf/lib/libc.a(lib_a-__call_atexit.o)
                              /usr/local/3rdparty/altera/quartus101/nios2eds/bin/gnu/H-i686-pc-linux-gnu/bin/../lib/gcc/nios2-elf/4.1.2/../../../../nios2-elf/lib/libc.a(lib_a-exit.o) (__call_exitprocs)
/usr/local/3rdparty/altera/quartus101/nios2eds/bin/gnu/H-i686-pc-linux-gnu/bin/../lib/gcc/nios2-elf/4.1.2/../../../../nios2-elf/lib/libc.a(lib_a-freer.o)
                              /usr/local/3rdparty/altera/quartus101/nios2eds/bin/gnu/H-i686-pc-linux-gnu/bin/../lib/gcc/nios2-elf/4.1.2/../../../../nios2-elf/lib/libc.a(lib_a-malloc.o) (_free_r)
/usr/local/3rdparty/altera/quartus101/nios2eds/bin/gnu/H-i686-pc-linux-gnu/bin/../lib/gcc/nios2-elf/4.1.2/../../../../nios2-elf/lib/libc.a(lib_a-fvwrite.o)
                              /usr/local/3rdparty/altera/quartus101/nios2eds/bin/gnu/H-i686-pc-linux-gnu/bin/../lib/gcc/nios2-elf/4.1.2/../../../../nios2-elf/lib/libc.a(lib_a-puts.o) (__sfvwrite_r)
/usr/local/3rdparty/altera/quartus101/nios2eds/bin/gnu/H-i686-pc-linux-gnu/bin/../lib/gcc/nios2-elf/4.1.2/../../../../nios2-elf/lib/libc.a(lib_a-int_errno.o)
                              /usr/local/3rdparty/altera/quartus101/nios2eds/bin/gnu/H-i686-pc-linux-gnu/bin/../lib/gcc/nios2-elf/4.1.2/../../../../nios2-elf/lib/libc.a(lib_a-sbrkr.o) (errno)
/usr/local/3rdparty/altera/quartus101/nios2eds/bin/gnu/H-i686-pc-linux-gnu/bin/../lib/gcc/nios2-elf/4.1.2/../../../../nios2-elf/lib/libc.a(lib_a-memchr.o)
                              /usr/local/3rdparty/altera/quartus101/nios2eds/bin/gnu/H-i686-pc-linux-gnu/bin/../lib/gcc/nios2-elf/4.1.2/../../../../nios2-elf/lib/libc.a(lib_a-fvwrite.o) (memchr)
/usr/local/3rdparty/altera/quartus101/nios2eds/bin/gnu/H-i686-pc-linux-gnu/bin/../lib/gcc/nios2-elf/4.1.2/../../../../nios2-elf/lib/libc.a(lib_a-memmove.o)
                              /usr/local/3rdparty/altera/quartus101/nios2eds/bin/gnu/H-i686-pc-linux-gnu/bin/../lib/gcc/nios2-elf/4.1.2/../../../../nios2-elf/lib/libc.a(lib_a-fvwrite.o) (memmove)
/usr/local/3rdparty/altera/quartus101/nios2eds/bin/gnu/H-i686-pc-linux-gnu/bin/../lib/gcc/nios2-elf/4.1.2/../../../../nios2-elf/lib/libc.a(lib_a-reallocr.o)
[...]
Memory Configuration

Name             Origin             Length             Attributes
reset            0x00800000         0x00000020
sdram            0x00800020         0x007fffe0
ext_flash        0x01400000         0x00400000
sram             0x01800000         0x00080000
*default*        0x00000000         0xffffffff

Linker script and memory map

LOAD ../Rotate_point_bsp/obj/HAL/src/crt0.o
LOAD obj/./graphics_lib/simple_graphics.o
LOAD obj/hello_world.o
LOAD /usr/local/3rdparty/altera/quartus101/nios2eds/bin/gnu/H-i686-pc-linux-gnu/bin/../lib/gcc/nios2-elf/4.1.2/../../../../nios2-elf/lib/libstdc++.a
LOAD /usr/local/3rdparty/altera/quartus101/nios2eds/bin/gnu/H-i686-pc-linux-gnu/bin/../lib/gcc/nios2-elf/4.1.2/../../../../nios2-elf/lib/libm.a
LOAD /usr/local/3rdparty/altera/quartus101/nios2eds/bin/gnu/H-i686-pc-linux-gnu/bin/../lib/gcc/nios2-elf/4.1.2/libgcc.a
START GROUP
LOAD /usr/local/3rdparty/altera/quartus101/nios2eds/bin/gnu/H-i686-pc-linux-gnu/bin/../lib/gcc/nios2-elf/4.1.2/../../../../nios2-elf/lib/libc.a
LOAD /usr/local/3rdparty/altera/quartus101/nios2eds/bin/gnu/H-i686-pc-linux-gnu/bin/../lib/gcc/nios2-elf/4.1.2/libgcc.a
LOAD ../Rotate_point_bsp/libhal_bsp.a
END GROUP
LOAD /usr/local/3rdparty/altera/quartus101/nios2eds/bin/gnu/H-i686-pc-linux-gnu/bin/../lib/gcc/nios2-elf/4.1.2/libgcc.a
                0x00800000                __alt_mem_sdram = 0x800000
                0x01400000                __alt_mem_ext_flash = 0x1400000
                0x01800000                __alt_mem_sram = 0x1800000

.entry          0x00800000       0x20
 *(.entry)
 .entry         0x00800000       0x20 ../Rotate_point_bsp/obj/HAL/src/crt0.o
                0x00800000                __reset

.exceptions     0x00800020      0x194
                0x00800020                PROVIDE (__ram_exceptions_start, <code 341> (.))
                0x00800020                . = ALIGN (0x20)
 *(.irq)
 *(.exceptions.entry.label)
 .exceptions.entry.label
                0x00800020        0x0 ../Rotate_point_bsp/libhal_bsp.a(alt_irq_entry.o)
                0x00800020                alt_irq_entry
 .exceptions.entry.label
                0x00800020        0x0 ../Rotate_point_bsp/libhal_bsp.a(alt_exception_entry.o)
                0x00800020                alt_exception
 *(.exceptions.entry.user)
 *(.exceptions.entry)
 .exceptions.entry
                0x00800020       0x54 ../Rotate_point_bsp/libhal_bsp.a(alt_exception_entry.o)
 *(.exceptions.irqtest.user)
 *(.exceptions.irqtest)
 .exceptions.irqtest
                0x00800074       0x10 ../Rotate_point_bsp/libhal_bsp.a(alt_irq_entry.o)
 *(.exceptions.irqhandler.user)
 *(.exceptions.irqhandler)
 .exceptions.irqhandler
                0x00800084        0x4 ../Rotate_point_bsp/libhal_bsp.a(alt_irq_entry.o)
 *(.exceptions.irqreturn.user)
 *(.exceptions.irqreturn)
 .exceptions.irqreturn
                0x00800088        0x4 ../Rotate_point_bsp/libhal_bsp.a(alt_irq_entry.o)
 *(.exceptions.notirq.label)
 .exceptions.notirq.label
                0x0080008c        0x0 ../Rotate_point_bsp/libhal_bsp.a(alt_irq_entry.o)
 *(.exceptions.notirq.user)
 *(.exceptions.notirq)
 .exceptions.notirq
                0x0080008c        0x8 ../Rotate_point_bsp/libhal_bsp.a(alt_exception_entry.o)
 *(.exceptions.soft.user)
 *(.exceptions.soft)
 *(.exceptions.unknown.user)
 *(.exceptions.unknown)
 .exceptions.unknown
                0x00800094        0x4 ../Rotate_point_bsp/libhal_bsp.a(alt_exception_entry.o)
 *(.exceptions.exit.label)
 .exceptions.exit.label
                0x00800098        0x0 ../Rotate_point_bsp/libhal_bsp.a(alt_irq_entry.o)
 .exceptions.exit.label
                0x00800098        0x0 ../Rotate_point_bsp/libhal_bsp.a(alt_exception_entry.o)
 *(.exceptions.exit.user)
 *(.exceptions.exit)
 .exceptions.exit
                0x00800098       0x54 ../Rotate_point_bsp/libhal_bsp.a(alt_exception_entry.o)
 *(.exceptions)
 .exceptions    0x008000ec       0xc8 ../Rotate_point_bsp/libhal_bsp.a(alt_irq_handler.o)
                0x008000ec                alt_irq_handler
                0x008001b4                PROVIDE (__ram_exceptions_end, <code 341> (.))
                0x00800020                PROVIDE (__flash_exceptions_start, LOADADDR (.exceptions))

.text           0x008001b4     0xc120
                0x008001b4                PROVIDE (stext, <code 341> (.))
 *(.interp)
 *(.hash)
 *(.dynsym)
 *(.dynstr)
 *(.gnu.version)
 *(.gnu.version_d)
 *(.gnu.version_r)
 *(.rel.init)
 *(.rela.init)
 *(.rel.text .rel.text.* .rel.gnu.linkonce.t.*)
 *(.rela.text .rela.text.* .rela.gnu.linkonce.t.*)
 *(.rel.fini)
 *(.rela.fini)
 *(.rel.rodata .rel.rodata.* .rel.gnu.linkonce.r.*)
 *(.rela.rodata .rela.rodata.* .rela.gnu.linkonce.r.*)
 *(.rel.data .rel.data.* .rel.gnu.linkonce.d.*)
 *(.rela.data .rela.data.* .rela.gnu.linkonce.d.*)
 *(.rel.tdata .rel.tdata.* .rel.gnu.linkonce.td.*)
 *(.rela.tdata .rela.tdata.* .rela.gnu.linkonce.td.*)
 *(.rel.tbss .rel.tbss.* .rel.gnu.linkonce.tb.*)
 *(.rela.tbss .rela.tbss.* .rela.gnu.linkonce.tb.*)
 *(.rel.ctors)
 *(.rela.ctors)
 *(.rel.dtors)
 *(.rela.dtors)
 *(.rel.got)
 *(.rela.got)
 *(.rel.sdata .rel.sdata.* .rel.gnu.linkonce.s.*)
 *(.rela.sdata .rela.sdata.* .rela.gnu.linkonce.s.*)
 *(.rel.sbss .rel.sbss.* .rel.gnu.linkonce.sb.*)
 *(.rela.sbss .rela.sbss.* .rela.gnu.linkonce.sb.*)
 *(.rel.sdata2 .rel.sdata2.* .rel.gnu.linkonce.s2.*)
 *(.rela.sdata2 .rela.sdata2.* .rela.gnu.linkonce.s2.*)
 *(.rel.sbss2 .rel.sbss2.* .rel.gnu.linkonce.sb2.*)
 *(.rela.sbss2 .rela.sbss2.* .rela.gnu.linkonce.sb2.*)
 *(.rel.bss .rel.bss.* .rel.gnu.linkonce.b.*)
 *(.rela.bss .rela.bss.* .rela.gnu.linkonce.b.*)
 *(.rel.plt)
 *(.rela.plt)
 *(.rel.dyn)
 *(.init)
 *(.plt)
 *(.text .stub .text.* .gnu.linkonce.t.*)
 .text          0x008001b4       0x4c ../Rotate_point_bsp/obj/HAL/src/crt0.o
                0x008001b4                _start
 .text          0x00800200     0x27dc obj/./graphics_lib/simple_graphics.o
                0x00801098                vid_draw_horiz_line
                0x0080145c                vid_color_convert16_24
                0x00800a2c                vid_draw_box
                0x008007fc                vid_move_block
                0x008002f8                vid_scroll_string_init
                0x008019fc                vid_draw_circle
                0x00801780                vid_draw_sloped_line
                0x00801b58                vid_circle_points
                0x0080248c                vid_draw_triangle
                0x008028b0                CropImage16
                0x00800444                vid_scroll_string
                0x008027d4                CopyImage16
                0x00800b68                vid_print_char
                0x00802068                min3
                0x00800200                vid_draw_line
                0x00802120                vid_put_pixel_in_span_map
                0x00800e28                vid_paint_block
                0x008013bc                vid_color_convert24_16
                0x008014c4                vid_copy_line_to_frame_buffer
                0x00800dbc                vid_get_pixel
                0x00800918                vid_print_string
                0x00802014                max3
                0x00801370                vid_merge_colors
                0x00800c50                vid_set_pixel
                0x008002bc                vid_scroll_string_quit
                0x0080222c                vid_bres_scan_edges
                0x008020bc                max_diff3
 .text          0x008029dc     0x15e8 obj/hello_world.o
                0x008038d8                resize_cube
                0x00802f14                int_cos
                0x00803a30                run_rotate
                0x00802ac4                rotate_point
                0x00803030                draw_filled_cube
                0x00803e94                project
                0x00803744                draw_cube_skeleton
                0x00802a4c                rotate_point_deg
                0x00802ea0                int_sin
                0x008029dc                main
                0x00802f88                rotate_cube_points
 .text          0x00803fc4      0x14c /usr/local/3rdparty/altera/quartus101/nios2eds/bin/gnu/H-i686-pc-linux-gnu/bin/../lib/gcc/nios2-elf/4.1.2/libgcc.a(lib2-divmod.o)
                0x00804100                __udivsi3
                0x00804108                __umodsi3
                0x00804040                __divsi3
                0x008040a0                __modsi3
 .text          0x00804110       0x38 /usr/local/3rdparty/altera/quartus101/nios2eds/bin/gnu/H-i686-pc-linux-gnu/bin/../lib/gcc/nios2-elf/4.1.2/../../../../nios2-elf/lib/libc.a(lib_a-exit.o)
                0x00804110                exit
 .text          0x00804148        0x0 /usr/local/3rdparty/altera/quartus101/nios2eds/bin/gnu/H-i686-pc-linux-gnu/bin/../lib/gcc/nios2-elf/4.1.2/../../../../nios2-elf/lib/libc.a(lib_a-impure.o)
 .text          0x00804148       0x28 /usr/local/3rdparty/altera/quartus101/nios2eds/bin/gnu/H-i686-pc-linux-gnu/bin/../lib/gcc/nios2-elf/4.1.2/../../../../nios2-elf/lib/libc.a(lib_a-malloc.o)
                0x0080415c                malloc
                0x00804148                free
 .text          0x00804170      0x740 /usr/local/3rdparty/altera/quartus101/nios2eds/bin/gnu/H-i686-pc-linux-gnu/bin/../lib/gcc/nios2-elf/4.1.2/../../../../nios2-elf/lib/libc.a(lib_a-mallocr.o)
                0x00804170                _malloc_r
 .text          0x008048b0       0xa0 /usr/local/3rdparty/altera/quartus101/nios2eds/bin/gnu/H-i686-pc-linux-gnu/bin/../lib/gcc/nios2-elf/4.1.2/../../../../nios2-elf/lib/libc.a(lib_a-memcpy.o)
                0x008048b0                memcpy
 .text          0x00804950       0xb4 /usr/local/3rdparty/altera/quartus101/nios2eds/bin/gnu/H-i686-pc-linux-gnu/bin/../lib/gcc/nios2-elf/4.1.2/../../../../nios2-elf/lib/libc.a(lib_a-puts.o)
                0x00804950                _puts_r
                0x008049f0                puts
 .text          0x00804a04       0x70 /usr/local/3rdparty/altera/quartus101/nios2eds/bin/gnu/H-i686-pc-linux-gnu/bin/../lib/gcc/nios2-elf/4.1.2/../../../../nios2-elf/lib/libc.a(lib_a-sbrkr.o)
                0x00804a04                _sbrk_r
 .text          0x00804a74       0x8c /usr/local/3rdparty/altera/quartus101/nios2eds/bin/gnu/H-i686-pc-linux-gnu/bin/../lib/gcc/nios2-elf/4.1.2/../../../../nios2-elf/lib/libc.a(lib_a-strcpy.o)
                0x00804a74                strcpy
 .text          0x00804b00       0x74 /usr/local/3rdparty/altera/quartus101/nios2eds/bin/gnu/H-i686-pc-linux-gnu/bin/../lib/gcc/nios2-elf/4.1.2/../../../../nios2-elf/lib/libc.a(lib_a-strlen.o)
                0x00804b00                strlen
 .text          0x00804b74      0x1ac /usr/local/3rdparty/altera/quartus101/nios2eds/bin/gnu/H-i686-pc-linux-gnu/bin/../lib/gcc/nios2-elf/4.1.2/../../../../nios2-elf/lib/libc.a(lib_a-__call_atexit.o)
                0x00804b78                __call_exitprocs
 .text          0x00804d20      0x440 /usr/local/3rdparty/altera/quartus101/nios2eds/bin/gnu/H-i686-pc-linux-gnu/bin/../lib/gcc/nios2-elf/4.1.2/../../../../nios2-elf/lib/libc.a(lib_a-freer.o)
                0x00804e4c                _free_r
                0x00804d20                _malloc_trim_r
 .text          0x00805160      0x49c /usr/local/3rdparty/altera/quartus101/nios2eds/bin/gnu/H-i686-pc-linux-gnu/bin/../lib/gcc/nios2-elf/4.1.2/../../../../nios2-elf/lib/libc.a(lib_a-fvwrite.o)
                0x00805160                __sfvwrite_r
 .text          0x008055fc        0x0 /usr/local/3rdparty/altera/quartus101/nios2eds/bin/gnu/H-i686-pc-linux-gnu/bin/../lib/gcc/nios2-elf/4.1.2/../../../../nios2-elf/lib/libc.a(lib_a-int_errno.o)
 .text          0x008055fc       0xfc /usr/local/3rdparty/altera/quartus101/nios2eds/bin/gnu/H-i686-pc-linux-gnu/bin/../lib/gcc/nios2-elf/4.1.2/../../../../nios2-elf/lib/libc.a(lib_a-memchr.o)
                0x008055fc                memchr
 .text          0x008056f8       0xe0 /usr/local/3rdparty/altera/quartus101/nios2eds/bin/gnu/H-i686-pc-linux-gnu/bin/../lib/gcc/nios2-elf/4.1.2/../../../../nios2-elf/lib/libc.a(lib_a-memmove.o)
                0x008056f8                memmove
 .text          0x008057d8      0x628 /usr/local/3rdparty/altera/quartus101/nios2eds/bin/gnu/H-i686-pc-linux-gnu/bin/../lib/gcc/nios2-elf/4.1.2/../../../../nios2-elf/lib/libc.a(lib_a-reallocr.o)
                0x008057d8                _realloc_r
 .text          0x00805e00      0x13c /usr/local/3rdparty/altera/quartus101/nios2eds/bin/gnu/H-i686-pc-linux-gnu/bin/../lib/gcc/nios2-elf/4.1.2/../../../../nios2-elf/lib/libc.a(lib_a-wsetup.o)
                0x00805e00                __swsetup_r
 .text          0x00805f3c      0x230 /usr/local/3rdparty/altera/quartus101/nios2eds/bin/gnu/H-i686-pc-linux-gnu/bin/../lib/gcc/nios2-elf/4.1.2/../../../../nios2-elf/lib/libc.a(lib_a-fflush.o)
                0x00806138                fflush
                0x00805f3c                _fflush_r
 .text          0x0080616c      0x2c0 /usr/local/3rdparty/altera/quartus101/nios2eds/bin/gnu/H-i686-pc-linux-gnu/bin/../lib/gcc/nios2-elf/4.1.2/../../../../nios2-elf/lib/libc.a(lib_a-findfp.o)
                0x008061d4                __sinit
                0x008062d4                __sfmoreglue
                0x008062c4                _cleanup
                0x008062b8                _cleanup_r
                0x008062a0                __fp_lock_all
                0x008061c4                __sfp_lock_acquire
                0x0080633c                __sfp
                0x008061d0                __sinit_lock_release
                0x00806288                __fp_unlock_all
                0x008061c8                __sfp_lock_release
                0x008061cc                __sinit_lock_acquire
 .text          0x0080642c      0x188 /usr/local/3rdparty/altera/quartus101/nios2eds/bin/gnu/H-i686-pc-linux-gnu/bin/../lib/gcc/nios2-elf/4.1.2/../../../../nios2-elf/lib/libc.a(lib_a-fwalk.o)
                0x008064f8                _fwalk
                0x0080642c                _fwalk_reent
 .text          0x008065b4      0x194 /usr/local/3rdparty/altera/quartus101/nios2eds/bin/gnu/H-i686-pc-linux-gnu/bin/../lib/gcc/nios2-elf/4.1.2/../../../../nios2-elf/lib/libc.a(lib_a-makebuf.o)
                0x008065b4                __smakebuf_r
 .text          0x00806748       0x98 /usr/local/3rdparty/altera/quartus101/nios2eds/bin/gnu/H-i686-pc-linux-gnu/bin/../lib/gcc/nios2-elf/4.1.2/../../../../nios2-elf/lib/libc.a(lib_a-memset.o)
                0x00806748                memset
 .text          0x008067e0      0x14c /usr/local/3rdparty/altera/quartus101/nios2eds/bin/gnu/H-i686-pc-linux-gnu/bin/../lib/gcc/nios2-elf/4.1.2/../../../../nios2-elf/lib/libc.a(lib_a-stdio.o)
                0x008067e8                __sseek
                0x008068cc                __sread
                0x008067e0                __sclose
                0x00806850                __swrite
 .text          0x0080692c       0x78 /usr/local/3rdparty/altera/quartus101/nios2eds/bin/gnu/H-i686-pc-linux-gnu/bin/../lib/gcc/nios2-elf/4.1.2/../../../../nios2-elf/lib/libc.a(lib_a-writer.o)
                0x0080692c                _write_r
 .text          0x008069a4       0x70 /usr/local/3rdparty/altera/quartus101/nios2eds/bin/gnu/H-i686-pc-linux-gnu/bin/../lib/gcc/nios2-elf/4.1.2/../../../../nios2-elf/lib/libc.a(lib_a-closer.o)
                0x008069a4                _close_r
 .text          0x00806a14      0x124 /usr/local/3rdparty/altera/quartus101/nios2eds/bin/gnu/H-i686-pc-linux-gnu/bin/../lib/gcc/nios2-elf/4.1.2/../../../../nios2-elf/lib/libc.a(lib_a-fclose.o)
                0x00806a14                _fclose_r
                0x00806b24                fclose
 .text          0x00806b38       0x74 /usr/local/3rdparty/altera/quartus101/nios2eds/bin/gnu/H-i686-pc-linux-gnu/bin/../lib/gcc/nios2-elf/4.1.2/../../../../nios2-elf/lib/libc.a(lib_a-fstatr.o)
                0x00806b38                _fstat_r
 .text          0x00806bac       0x70 /usr/local/3rdparty/altera/quartus101/nios2eds/bin/gnu/H-i686-pc-linux-gnu/bin/../lib/gcc/nios2-elf/4.1.2/../../../../nios2-elf/lib/libc.a(lib_a-isattyr.o)
                0x00806bac                _isatty_r
 .text          0x00806c1c       0x78 /usr/local/3rdparty/altera/quartus101/nios2eds/bin/gnu/H-i686-pc-linux-gnu/bin/../lib/gcc/nios2-elf/4.1.2/../../../../nios2-elf/lib/libc.a(lib_a-lseekr.o)
                0x00806c1c                _lseek_r
 .text          0x00806c94       0x78 /usr/local/3rdparty/altera/quartus101/nios2eds/bin/gnu/H-i686-pc-linux-gnu/bin/../lib/gcc/nios2-elf/4.1.2/../../../../nios2-elf/lib/libc.a(lib_a-readr.o)
                0x00806c94                _read_r
 .text          0x00806d0c      0x15c ../Rotate_point_bsp/libhal_bsp.a(alt_close.o)
                0x00806d0c                close
 .text          0x00806e68       0x2c ../Rotate_point_bsp/libhal_bsp.a(alt_dev.o)
 .text          0x00806e94        0x0 ../Rotate_point_bsp/libhal_bsp.a(alt_errno.o)
 .text          0x00806e94       0x60 ../Rotate_point_bsp/libhal_bsp.a(alt_exit.o)
                0x00806ed4                _exit
 .text          0x00806ef4      0x134 ../Rotate_point_bsp/libhal_bsp.a(alt_fstat.o)
                0x00806ef4                fstat
 .text          0x00807028      0x120 ../Rotate_point_bsp/libhal_bsp.a(alt_isatty.o)
                0x00807028                isatty
 .text          0x00807148       0xec ../Rotate_point_bsp/libhal_bsp.a(alt_load.o)
                0x00807148                alt_load
 .text          0x00807234      0x150 ../Rotate_point_bsp/libhal_bsp.a(alt_lseek.o)
                0x00807234                lseek
 .text          0x00807384       0x6c ../Rotate_point_bsp/libhal_bsp.a(alt_main.o)
                0x00807384                alt_main
 .text          0x008073f0       0x40 ../Rotate_point_bsp/libhal_bsp.a(alt_malloc_lock.o)
                0x00807410                __malloc_unlock
                0x008073f0                __malloc_lock
 .text          0x00807430      0x180 ../Rotate_point_bsp/libhal_bsp.a(alt_read.o)
                0x00807430                read
 .text          0x008075b0       0x60 ../Rotate_point_bsp/libhal_bsp.a(alt_release_fd.o)
                0x008075b0                alt_release_fd
 .text          0x00807610       0xbc ../Rotate_point_bsp/libhal_bsp.a(alt_sbrk.o)
                0x00807610                sbrk
 .text          0x008076cc      0x1a4 ../Rotate_point_bsp/libhal_bsp.a(alt_tick.o)
                0x00807764                alt_tick
                0x008076cc                alt_alarm_stop
 .text          0x00807870      0x180 ../Rotate_point_bsp/libhal_bsp.a(alt_write.o)
                0x00807870                write
 .text          0x008079f0      0x41c ../Rotate_point_bsp/libhal_bsp.a(vga_controller.o)
                0x00807d08                vga_flip_frame_buffers
                0x00807abc                vga_init_no_interrupt
                0x00807a60                alt_vga_open_dev
                0x008079f0                vga_dev_init
                0x00807dc4                vga_clear_screen
                0x00807a9c                alt_vga_close_dev
                0x00807d94                vga_stop
 .text          0x00807e0c       0xd4 ../Rotate_point_bsp/libhal_bsp.a(alt_sys_init.o)
                0x00807e40                alt_sys_init
                0x00807e0c                alt_irq_init
 .text          0x00807ee0      0x8c8 ../Rotate_point_bsp/libhal_bsp.a(altera_avalon_cfi_flash.o)
                0x00807fb4                alt_flash_cfi_write
                0x008084d0                alt_flash_program_block
                0x00808304                alt_flash_cfi_read
                0x00807ee0                alt_flash_cfi_init
                0x0080836c                alt_write_value_to_flash
                0x00808274                alt_flash_cfi_get_info
 .text          0x008087a8     0x1448 ../Rotate_point_bsp/libhal_bsp.a(altera_avalon_cfi_flash_table.o)
                0x0080882c                alt_read_query_entry_32bit
                0x008089b8                alt_write_flash_command_32bit_device_16bit_mode
                0x008087a8                alt_read_query_entry_8bit
                0x00808cc0                alt_set_flash_algorithm_func
                0x00808874                alt_write_flash_command_8bit_device_8bit_mode
                0x00809b14                alt_check_primary_table
                0x00808a48                alt_write_native_8bit
                0x008088b0                alt_write_flash_command_16bit_device_8bit_mode
                0x00808de8                alt_read_cfi_table
                0x008087e8                alt_read_query_entry_16bit
                0x00808ae0                alt_set_flash_width_func
                0x00809368                alt_read_cfi_width
                0x00808974                alt_write_flash_command_16bit_device_16bit_mode
                0x00808a00                alt_write_flash_command_32bit_device_32bit_mode
                0x00808a7c                alt_write_native_16bit
                0x0080892c                alt_write_flash_command_32bit_device_8bit_mode
                0x00808ab0                alt_write_native_32bit
 .text          0x00809bf0      0x148 ../Rotate_point_bsp/libhal_bsp.a(altera_avalon_jtag_uart_fd.o)
                0x00809bf0                altera_avalon_jtag_uart_read_fd
                0x00809ca0                altera_avalon_jtag_uart_close_fd
                0x00809ce8                altera_avalon_jtag_uart_ioctl_fd
                0x00809c48                altera_avalon_jtag_uart_write_fd
 .text          0x00809d38      0x410 ../Rotate_point_bsp/libhal_bsp.a(altera_avalon_jtag_uart_init.o)
                0x00809d38                altera_avalon_jtag_uart_init
                0x0080a0d4                altera_avalon_jtag_uart_close
 .text          0x0080a148       0xf4 ../Rotate_point_bsp/libhal_bsp.a(altera_avalon_jtag_uart_ioctl.o)
                0x0080a148                altera_avalon_jtag_uart_ioctl
 .text          0x0080a23c      0x224 ../Rotate_point_bsp/libhal_bsp.a(altera_avalon_jtag_uart_read.o)
                0x0080a23c                altera_avalon_jtag_uart_read
 .text          0x0080a460      0x240 ../Rotate_point_bsp/libhal_bsp.a(altera_avalon_jtag_uart_write.o)
                0x0080a460                altera_avalon_jtag_uart_write
 .text          0x0080a6a0      0x100 ../Rotate_point_bsp/libhal_bsp.a(altera_avalon_timer_sc.o)
                0x0080a710                alt_avalon_timer_sc_init
 .text          0x0080a7a0      0x154 ../Rotate_point_bsp/libhal_bsp.a(alt_alarm_start.o)
                0x0080a7a0                alt_alarm_start
 .text          0x0080a8f4       0x78 ../Rotate_point_bsp/libhal_bsp.a(alt_dcache_flush.o)
                0x0080a8f4                alt_dcache_flush
 .text          0x0080a96c       0x44 ../Rotate_point_bsp/libhal_bsp.a(alt_dcache_flush_all.o)
                0x0080a96c                alt_dcache_flush_all
 .text          0x0080a9b0      0x114 ../Rotate_point_bsp/libhal_bsp.a(alt_dev_llist_insert.o)
                0x0080a9b0                alt_dev_llist_insert
 .text          0x0080aac4       0x64 ../Rotate_point_bsp/libhal_bsp.a(alt_do_ctors.o)
                0x0080aac4                _do_ctors
 .text          0x0080ab28       0x64 ../Rotate_point_bsp/libhal_bsp.a(alt_do_dtors.o)
                0x0080ab28                _do_dtors
 .text          0x0080ab8c       0x94 ../Rotate_point_bsp/libhal_bsp.a(alt_find_dev.o)
                0x0080ab8c                alt_find_dev
 .text          0x0080ac20       0xd0 ../Rotate_point_bsp/libhal_bsp.a(alt_flash_dev.o)
                0x0080ac20                alt_flash_open_dev
                0x0080ac9c                alt_flash_close_dev
 .text          0x0080acf0       0x30 ../Rotate_point_bsp/libhal_bsp.a(alt_icache_flush_all.o)
                0x0080acf0                alt_icache_flush_all
 .text          0x0080ad20      0x1d4 ../Rotate_point_bsp/libhal_bsp.a(alt_iic.o)
                0x0080aeac                alt_ic_irq_enabled
                0x0080ad20                alt_ic_isr_register
                0x0080ae0c                alt_ic_irq_disable
                0x0080ad70                alt_ic_irq_enable
 .text          0x0080aef4       0xf8 ../Rotate_point_bsp/libhal_bsp.a(alt_iic_isr_register.o)
                0x0080aef4                alt_iic_isr_register
 .text          0x0080afec      0x13c ../Rotate_point_bsp/libhal_bsp.a(alt_io_redirect.o)
                0x0080b0b0                alt_io_redirect
 .text          0x0080b128        0x0 ../Rotate_point_bsp/libhal_bsp.a(alt_irq_entry.o)
 .text          0x0080b128        0x0 ../Rotate_point_bsp/libhal_bsp.a(alt_irq_handler.o)
 .text          0x0080b128        0x0 ../Rotate_point_bsp/libhal_bsp.a(alt_irq_vars.o)
 .text          0x0080b128      0x2c4 ../Rotate_point_bsp/libhal_bsp.a(alt_open.o)
                0x0080b204                open
 .text          0x0080b3ec       0x64 ../Rotate_point_bsp/libhal_bsp.a(alt_uncached_malloc.o)
                0x0080b3ec                alt_uncached_malloc
 .text          0x0080b450       0x20 ../Rotate_point_bsp/libhal_bsp.a(altera_nios2_irq.o)
                0x0080b450                altera_nios2_irq_init
 .text          0x0080b470      0x460 ../Rotate_point_bsp/libhal_bsp.a(altera_avalon_cfi_flash_amd.o)
                0x0080b4d8                alt_erase_block_amd
                0x0080b470                alt_program_amd
 .text          0x0080b8d0      0x460 ../Rotate_point_bsp/libhal_bsp.a(altera_avalon_cfi_flash_intel.o)
                0x0080b8d0                alt_program_intel
                0x0080b954                alt_erase_block_intel
 .text          0x0080bd30        0x0 ../Rotate_point_bsp/libhal_bsp.a(alt_exception_entry.o)
 .text          0x0080bd30      0x120 ../Rotate_point_bsp/libhal_bsp.a(alt_find_file.o)
                0x0080bd30                alt_find_file
 .text          0x0080be50       0xb8 ../Rotate_point_bsp/libhal_bsp.a(alt_get_fd.o)
                0x0080be50                alt_get_fd
 .text          0x0080bf08       0x90 ../Rotate_point_bsp/libhal_bsp.a(alt_icache_flush.o)
                0x0080bf08                alt_icache_flush
 .text          0x0080bf98       0x30 ../Rotate_point_bsp/libhal_bsp.a(alt_usleep.o)
                0x0080bf98                usleep
 .text          0x0080bfc8      0x14c ../Rotate_point_bsp/libhal_bsp.a(alt_busy_sleep.o)
                0x0080bfc8                alt_busy_sleep
 .text          0x0080c114       0x14 /usr/local/3rdparty/altera/quartus101/nios2eds/bin/gnu/H-i686-pc-linux-gnu/bin/../lib/gcc/nios2-elf/4.1.2/../../../../nios2-elf/lib/libc.a(lib_a-atexit.o)
                0x0080c114                atexit
 .text          0x0080c128       0x74 /usr/local/3rdparty/altera/quartus101/nios2eds/bin/gnu/H-i686-pc-linux-gnu/bin/../lib/gcc/nios2-elf/4.1.2/../../../../nios2-elf/lib/libc.a(lib_a-memcmp.o)
                0x0080c128                memcmp
 .text          0x0080c19c      0x134 /usr/local/3rdparty/altera/quartus101/nios2eds/bin/gnu/H-i686-pc-linux-gnu/bin/../lib/gcc/nios2-elf/4.1.2/../../../../nios2-elf/lib/libc.a(lib_a-__atexit.o)
                0x0080c19c                __register_exitproc
 *(.gnu.warning.*)
 *(.fini)
                0x0080c2d0                PROVIDE (__etext, <code 341> (.))
                0x0080c2d0                PROVIDE (_etext, <code 341> (.))
                0x0080c2d0                PROVIDE (etext, <code 341> (.))
 *(.eh_frame_hdr)
                0x0080c2d0                . = ALIGN (0x4)
                0x0080c2d0                PROVIDE (__preinit_array_start, <code 341> (.))
 *(.preinit_array)
                0x0080c2d0                PROVIDE (__preinit_array_end, <code 341> (.))
                0x0080c2d0                PROVIDE (__init_array_start, <code 341> (.))
 *(.init_array)
                0x0080c2d0                PROVIDE (__init_array_end, <code 341> (.))
                0x0080c2d0                PROVIDE (__fini_array_start, <code 341> (.))
 *(.fini_array)
                0x0080c2d0                PROVIDE (__fini_array_end, <code 341> (.))
 *(.eh_frame)
 *(.gcc_except_table)
 *(.dynamic)
                0x0080c2d0                PROVIDE (__CTOR_LIST__, <code 341> (.))
 *(.ctors)
 *(SORT(.ctors.*))
 .ctors.65535   0x0080c2d0        0x4 /usr/local/3rdparty/altera/quartus101/nios2eds/bin/gnu/H-i686-pc-linux-gnu/bin/../lib/gcc/nios2-elf/4.1.2/../../../../nios2-elf/lib/libc.a(lib_a-__call_atexit.o)
                0x0080c2d4                PROVIDE (__CTOR_END__, <code 341> (.))
                0x0080c2d4                PROVIDE (__DTOR_LIST__, <code 341> (.))
 *(.dtors)
 *(SORT(.dtors.*))
                0x0080c2d4                PROVIDE (__DTOR_END__, <code 341> (.))
 *(.jcr)
                0x0080c2d4                . = ALIGN (0x4)

.rodata         0x0080c2d4      0x128
                0x0080c2d4                PROVIDE (__ram_rodata_start, <code 341> (.))
                0x0080c2d4                . = ALIGN (0x4)
 *(.rodata .rodata.* .gnu.linkonce.r.*)
 .rodata        0x0080c2d4       0xe4 obj/hello_world.o
 .rodata.str1.4
                0x0080c3b8        0x2 /usr/local/3rdparty/altera/quartus101/nios2eds/bin/gnu/H-i686-pc-linux-gnu/bin/../lib/gcc/nios2-elf/4.1.2/../../../../nios2-elf/lib/libc.a(lib_a-impure.o)
                                  0x4 (size before relaxing)
 *fill*         0x0080c3ba        0x2 00
 .rodata.str1.4
                0x0080c3bc        0x4 /usr/local/3rdparty/altera/quartus101/nios2eds/bin/gnu/H-i686-pc-linux-gnu/bin/../lib/gcc/nios2-elf/4.1.2/../../../../nios2-elf/lib/libc.a(lib_a-puts.o)
 .rodata        0x0080c3c0        0xc ../Rotate_point_bsp/libhal_bsp.a(alt_dev.o)
 .rodata        0x0080c3cc       0x10 ../Rotate_point_bsp/libhal_bsp.a(alt_main.o)
 .rodata        0x0080c3dc       0x20 ../Rotate_point_bsp/libhal_bsp.a(alt_sys_init.o)
 *(.rodata1)
                0x0080c3fc                . = ALIGN (0x4)
                0x0080c3fc                PROVIDE (__ram_rodata_end, <code 341> (.))
                0x0080c2d4                PROVIDE (__flash_rodata_start, LOADADDR (.rodata))

.rwdata         0x0080c3fc     0x2534 load address 0x0080e930
                0x0080c3fc                PROVIDE (__ram_rwdata_start, <code 341> (.))
                0x0080c3fc                . = ALIGN (0x4)
 *(.got.plt)
 *(.got)
 *(.data1)
 *(.data .data.* .gnu.linkonce.d.*)
 .data          0x0080c3fc        0x0 ../Rotate_point_bsp/obj/HAL/src/crt0.o
 .data          0x0080c3fc      0x415 obj/./graphics_lib/simple_graphics.o
                0x0080c3fc                cour10_font_array
 *fill*         0x0080c811        0x3 00
 .data          0x0080c814      0x5e8 obj/hello_world.o
                0x0080c814                cube_tris
                0x0080cb20                int_cos_array
                0x0080c838                cube_lines
                0x0080c850                int_sin_array
 .data          0x0080cdfc        0x0 /usr/local/3rdparty/altera/quartus101/nios2eds/bin/gnu/H-i686-pc-linux-gnu/bin/../lib/gcc/nios2-elf/4.1.2/libgcc.a(lib2-divmod.o)
 .data          0x0080cdfc        0x0 /usr/local/3rdparty/altera/quartus101/nios2eds/bin/gnu/H-i686-pc-linux-gnu/bin/../lib/gcc/nios2-elf/4.1.2/../../../../nios2-elf/lib/libc.a(lib_a-exit.o)
 .data          0x0080cdfc      0x400 /usr/local/3rdparty/altera/quartus101/nios2eds/bin/gnu/H-i686-pc-linux-gnu/bin/../lib/gcc/nios2-elf/4.1.2/../../../../nios2-elf/lib/libc.a(lib_a-impure.o)
 .data          0x0080d1fc        0x0 /usr/local/3rdparty/altera/quartus101/nios2eds/bin/gnu/H-i686-pc-linux-gnu/bin/../lib/gcc/nios2-elf/4.1.2/../../../../nios2-elf/lib/libc.a(lib_a-malloc.o)
 .data          0x0080d1fc      0x408 /usr/local/3rdparty/altera/quartus101/nios2eds/bin/gnu/H-i686-pc-linux-gnu/bin/../lib/gcc/nios2-elf/4.1.2/../../../../nios2-elf/lib/libc.a(lib_a-mallocr.o)
                0x0080d1fc                __malloc_av_
 .data          0x0080d604        0x0 /usr/local/3rdparty/altera/quartus101/nios2eds/bin/gnu/H-i686-pc-linux-gnu/bin/../lib/gcc/nios2-elf/4.1.2/../../../../nios2-elf/lib/libc.a(lib_a-memcpy.o)
 .data          0x0080d604        0x0 /usr/local/3rdparty/altera/quartus101/nios2eds/bin/gnu/H-i686-pc-linux-gnu/bin/../lib/gcc/nios2-elf/4.1.2/../../../../nios2-elf/lib/libc.a(lib_a-puts.o)
 .data          0x0080d604        0x0 /usr/local/3rdparty/altera/quartus101/nios2eds/bin/gnu/H-i686-pc-linux-gnu/bin/../lib/gcc/nios2-elf/4.1.2/../../../../nios2-elf/lib/libc.a(lib_a-sbrkr.o)
 .data          0x0080d604        0x0 /usr/local/3rdparty/altera/quartus101/nios2eds/bin/gnu/H-i686-pc-linux-gnu/bin/../lib/gcc/nios2-elf/4.1.2/../../../../nios2-elf/lib/libc.a(lib_a-strcpy.o)
 .data          0x0080d604        0x0 /usr/local/3rdparty/altera/quartus101/nios2eds/bin/gnu/H-i686-pc-linux-gnu/bin/../lib/gcc/nios2-elf/4.1.2/../../../../nios2-elf/lib/libc.a(lib_a-strlen.o)
 .data          0x0080d604        0x0 /usr/local/3rdparty/altera/quartus101/nios2eds/bin/gnu/H-i686-pc-linux-gnu/bin/../lib/gcc/nios2-elf/4.1.2/../../../../nios2-elf/lib/libc.a(lib_a-__call_atexit.o)
 .data          0x0080d604        0x0 /usr/local/3rdparty/altera/quartus101/nios2eds/bin/gnu/H-i686-pc-linux-gnu/bin/../lib/gcc/nios2-elf/4.1.2/../../../../nios2-elf/lib/libc.a(lib_a-freer.o)
 .data          0x0080d604        0x0 /usr/local/3rdparty/altera/quartus101/nios2eds/bin/gnu/H-i686-pc-linux-gnu/bin/../lib/gcc/nios2-elf/4.1.2/../../../../nios2-elf/lib/libc.a(lib_a-fvwrite.o)
 .data          0x0080d604        0x0 /usr/local/3rdparty/altera/quartus101/nios2eds/bin/gnu/H-i686-pc-linux-gnu/bin/../lib/gcc/nios2-elf/4.1.2/../../../../nios2-elf/lib/libc.a(lib_a-int_errno.o)
 .data          0x0080d604        0x0 /usr/local/3rdparty/altera/quartus101/nios2eds/bin/gnu/H-i686-pc-linux-gnu/bin/../lib/gcc/nios2-elf/4.1.2/../../../../nios2-elf/lib/libc.a(lib_a-memchr.o)
 .data          0x0080d604        0x0 /usr/local/3rdparty/altera/quartus101/nios2eds/bin/gnu/H-i686-pc-linux-gnu/bin/../lib/gcc/nios2-elf/4.1.2/../../../../nios2-elf/lib/libc.a(lib_a-memmove.o)
 .data          0x0080d604        0x0 /usr/local/3rdparty/altera/quartus101/nios2eds/bin/gnu/H-i686-pc-linux-gnu/bin/../lib/gcc/nios2-elf/4.1.2/../../../../nios2-elf/lib/libc.a(lib_a-reallocr.o)
 .data          0x0080d604        0x0 /usr/local/3rdparty/altera/quartus101/nios2eds/bin/gnu/H-i686-pc-linux-gnu/bin/../lib/gcc/nios2-elf/4.1.2/../../../../nios2-elf/lib/libc.a(lib_a-wsetup.o)
 .data          0x0080d604        0x0 /usr/local/3rdparty/altera/quartus101/nios2eds/bin/gnu/H-i686-pc-linux-gnu/bin/../lib/gcc/nios2-elf/4.1.2/../../../../nios2-elf/lib/libc.a(lib_a-fflush.o)
 .data          0x0080d604        0x0 /usr/local/3rdparty/altera/quartus101/nios2eds/bin/gnu/H-i686-pc-linux-gnu/bin/../lib/gcc/nios2-elf/4.1.2/../../../../nios2-elf/lib/libc.a(lib_a-findfp.o)
 .data          0x0080d604        0x0 /usr/local/3rdparty/altera/quartus101/nios2eds/bin/gnu/H-i686-pc-linux-gnu/bin/../lib/gcc/nios2-elf/4.1.2/../../../../nios2-elf/lib/libc.a(lib_a-fwalk.o)
 .data          0x0080d604        0x0 /usr/local/3rdparty/altera/quartus101/nios2eds/bin/gnu/H-i686-pc-linux-gnu/bin/../lib/gcc/nios2-elf/4.1.2/../../../../nios2-elf/lib/libc.a(lib_a-makebuf.o)
 .data          0x0080d604        0x0 /usr/local/3rdparty/altera/quartus101/nios2eds/bin/gnu/H-i686-pc-linux-gnu/bin/../lib/gcc/nios2-elf/4.1.2/../../../../nios2-elf/lib/libc.a(lib_a-memset.o)
 .data          0x0080d604        0x0 /usr/local/3rdparty/altera/quartus101/nios2eds/bin/gnu/H-i686-pc-linux-gnu/bin/../lib/gcc/nios2-elf/4.1.2/../../../../nios2-elf/lib/libc.a(lib_a-stdio.o)
 .data          0x0080d604        0x0 /usr/local/3rdparty/altera/quartus101/nios2eds/bin/gnu/H-i686-pc-linux-gnu/bin/../lib/gcc/nios2-elf/4.1.2/../../../../nios2-elf/lib/libc.a(lib_a-writer.o)
 .data          0x0080d604        0x0 /usr/local/3rdparty/altera/quartus101/nios2eds/bin/gnu/H-i686-pc-linux-gnu/bin/../lib/gcc/nios2-elf/4.1.2/../../../../nios2-elf/lib/libc.a(lib_a-closer.o)
 .data          0x0080d604        0x0 /usr/local/3rdparty/altera/quartus101/nios2eds/bin/gnu/H-i686-pc-linux-gnu/bin/../lib/gcc/nios2-elf/4.1.2/../../../../nios2-elf/lib/libc.a(lib_a-fclose.o)
 .data          0x0080d604        0x0 /usr/local/3rdparty/altera/quartus101/nios2eds/bin/gnu/H-i686-pc-linux-gnu/bin/../lib/gcc/nios2-elf/4.1.2/../../../../nios2-elf/lib/libc.a(lib_a-fstatr.o)
 .data          0x0080d604        0x0 /usr/local/3rdparty/altera/quartus101/nios2eds/bin/gnu/H-i686-pc-linux-gnu/bin/../lib/gcc/nios2-elf/4.1.2/../../../../nios2-elf/lib/libc.a(lib_a-isattyr.o)
 .data          0x0080d604        0x0 /usr/local/3rdparty/altera/quartus101/nios2eds/bin/gnu/H-i686-pc-linux-gnu/bin/../lib/gcc/nios2-elf/4.1.2/../../../../nios2-elf/lib/libc.a(lib_a-lseekr.o)
 .data          0x0080d604        0x0 /usr/local/3rdparty/altera/quartus101/nios2eds/bin/gnu/H-i686-pc-linux-gnu/bin/../lib/gcc/nios2-elf/4.1.2/../../../../nios2-elf/lib/libc.a(lib_a-readr.o)
 .data          0x0080d604        0x0 ../Rotate_point_bsp/libhal_bsp.a(alt_close.o)
 .data          0x0080d604      0x1a8 ../Rotate_point_bsp/libhal_bsp.a(alt_dev.o)
                0x0080d62c                alt_fd_list
                0x0080d604                alt_dev_null
 .data          0x0080d7ac        0x0 ../Rotate_point_bsp/libhal_bsp.a(alt_errno.o)
 .data          0x0080d7ac        0x0 ../Rotate_point_bsp/libhal_bsp.a(alt_exit.o)
 .data          0x0080d7ac        0x0 ../Rotate_point_bsp/libhal_bsp.a(alt_fstat.o)
 .data          0x0080d7ac        0x0 ../Rotate_point_bsp/libhal_bsp.a(alt_isatty.o)
 .data          0x0080d7ac        0x0 ../Rotate_point_bsp/libhal_bsp.a(alt_load.o)
 .data          0x0080d7ac        0x0 ../Rotate_point_bsp/libhal_bsp.a(alt_lseek.o)
 .data          0x0080d7ac        0x0 ../Rotate_point_bsp/libhal_bsp.a(alt_main.o)
 .data          0x0080d7ac        0x0 ../Rotate_point_bsp/libhal_bsp.a(alt_malloc_lock.o)
 .data          0x0080d7ac        0x0 ../Rotate_point_bsp/libhal_bsp.a(alt_read.o)
 .data          0x0080d7ac        0x0 ../Rotate_point_bsp/libhal_bsp.a(alt_release_fd.o)
 .data          0x0080d7ac        0x0 ../Rotate_point_bsp/libhal_bsp.a(alt_sbrk.o)
 .data          0x0080d7ac        0x0 ../Rotate_point_bsp/libhal_bsp.a(alt_tick.o)
 .data          0x0080d7ac        0x0 ../Rotate_point_bsp/libhal_bsp.a(alt_write.o)
 .data          0x0080d7ac        0x0 ../Rotate_point_bsp/libhal_bsp.a(vga_controller.o)
 .data          0x0080d7ac     0x1138 ../Rotate_point_bsp/libhal_bsp.a(alt_sys_init.o)
 .data          0x0080e8e4        0x0 ../Rotate_point_bsp/libhal_bsp.a(altera_avalon_cfi_flash.o)
 .data          0x0080e8e4        0x0 ../Rotate_point_bsp/libhal_bsp.a(altera_avalon_cfi_flash_table.o)
 .data          0x0080e8e4        0x0 ../Rotate_point_bsp/libhal_bsp.a(altera_avalon_jtag_uart_fd.o)
 .data          0x0080e8e4        0x0 ../Rotate_point_bsp/libhal_bsp.a(altera_avalon_jtag_uart_init.o)
 .data          0x0080e8e4        0x0 ../Rotate_point_bsp/libhal_bsp.a(altera_avalon_jtag_uart_ioctl.o)
 .data          0x0080e8e4        0x0 ../Rotate_point_bsp/libhal_bsp.a(altera_avalon_jtag_uart_read.o)
 .data          0x0080e8e4        0x0 ../Rotate_point_bsp/libhal_bsp.a(altera_avalon_jtag_uart_write.o)
 .data          0x0080e8e4        0x0 ../Rotate_point_bsp/libhal_bsp.a(altera_avalon_timer_sc.o)
 .data          0x0080e8e4        0x0 ../Rotate_point_bsp/libhal_bsp.a(alt_alarm_start.o)
 .data          0x0080e8e4        0x0 ../Rotate_point_bsp/libhal_bsp.a(alt_dcache_flush.o)
 .data          0x0080e8e4        0x0 ../Rotate_point_bsp/libhal_bsp.a(alt_dcache_flush_all.o)
 .data          0x0080e8e4        0x0 ../Rotate_point_bsp/libhal_bsp.a(alt_dev_llist_insert.o)
 .data          0x0080e8e4        0x0 ../Rotate_point_bsp/libhal_bsp.a(alt_do_ctors.o)
 .data          0x0080e8e4        0x0 ../Rotate_point_bsp/libhal_bsp.a(alt_do_dtors.o)
 .data          0x0080e8e4        0x0 ../Rotate_point_bsp/libhal_bsp.a(alt_find_dev.o)
 .data          0x0080e8e4        0x0 ../Rotate_point_bsp/libhal_bsp.a(alt_flash_dev.o)
 .data          0x0080e8e4        0x0 ../Rotate_point_bsp/libhal_bsp.a(alt_icache_flush_all.o)
 .data          0x0080e8e4        0x0 ../Rotate_point_bsp/libhal_bsp.a(alt_iic.o)
 .data          0x0080e8e4        0x0 ../Rotate_point_bsp/libhal_bsp.a(alt_iic_isr_register.o)
 .data          0x0080e8e4        0x0 ../Rotate_point_bsp/libhal_bsp.a(alt_io_redirect.o)
 .data          0x0080e8e4        0x0 ../Rotate_point_bsp/libhal_bsp.a(alt_irq_entry.o)
 .data          0x0080e8e4        0x0 ../Rotate_point_bsp/libhal_bsp.a(alt_irq_handler.o)
 .data          0x0080e8e4        0x0 ../Rotate_point_bsp/libhal_bsp.a(alt_irq_vars.o)
 .data          0x0080e8e4        0x0 ../Rotate_point_bsp/libhal_bsp.a(alt_open.o)
 .data          0x0080e8e4        0x0 ../Rotate_point_bsp/libhal_bsp.a(alt_uncached_malloc.o)
 .data          0x0080e8e4        0x0 ../Rotate_point_bsp/libhal_bsp.a(altera_nios2_irq.o)
 .data          0x0080e8e4        0x0 ../Rotate_point_bsp/libhal_bsp.a(altera_avalon_cfi_flash_amd.o)
 .data          0x0080e8e4        0x0 ../Rotate_point_bsp/libhal_bsp.a(altera_avalon_cfi_flash_intel.o)
 .data          0x0080e8e4        0x0 ../Rotate_point_bsp/libhal_bsp.a(alt_exception_entry.o)
 .data          0x0080e8e4        0x0 ../Rotate_point_bsp/libhal_bsp.a(alt_find_file.o)
 .data          0x0080e8e4        0x0 ../Rotate_point_bsp/libhal_bsp.a(alt_get_fd.o)
 .data          0x0080e8e4        0x0 ../Rotate_point_bsp/libhal_bsp.a(alt_icache_flush.o)
 .data          0x0080e8e4        0x0 ../Rotate_point_bsp/libhal_bsp.a(alt_usleep.o)
 .data          0x0080e8e4        0x0 ../Rotate_point_bsp/libhal_bsp.a(alt_busy_sleep.o)
 .data          0x0080e8e4        0x0 /usr/local/3rdparty/altera/quartus101/nios2eds/bin/gnu/H-i686-pc-linux-gnu/bin/../lib/gcc/nios2-elf/4.1.2/../../../../nios2-elf/lib/libc.a(lib_a-atexit.o)
 .data          0x0080e8e4        0x0 /usr/local/3rdparty/altera/quartus101/nios2eds/bin/gnu/H-i686-pc-linux-gnu/bin/../lib/gcc/nios2-elf/4.1.2/../../../../nios2-elf/lib/libc.a(lib_a-memcmp.o)
 .data          0x0080e8e4        0x0 /usr/local/3rdparty/altera/quartus101/nios2eds/bin/gnu/H-i686-pc-linux-gnu/bin/../lib/gcc/nios2-elf/4.1.2/../../../../nios2-elf/lib/libc.a(lib_a-__atexit.o)
                0x008168e4                _gp = <code 341> ((. + 0x8000))
                0x008168e4                PROVIDE (gp, _gp)
 *(.sdata .sdata.* .gnu.linkonce.s.*)
 .sdata         0x0080e8e4        0x4 obj/./graphics_lib/simple_graphics.o
                0x0080e8e4                cour10_font
 .sdata         0x0080e8e8        0x8 /usr/local/3rdparty/altera/quartus101/nios2eds/bin/gnu/H-i686-pc-linux-gnu/bin/../lib/gcc/nios2-elf/4.1.2/../../../../nios2-elf/lib/libc.a(lib_a-impure.o)
                0x0080e8ec                _global_impure_ptr
                0x0080e8e8                _impure_ptr
 .sdata         0x0080e8f0        0x8 /usr/local/3rdparty/altera/quartus101/nios2eds/bin/gnu/H-i686-pc-linux-gnu/bin/../lib/gcc/nios2-elf/4.1.2/../../../../nios2-elf/lib/libc.a(lib_a-mallocr.o)
                0x0080e8f4                __malloc_sbrk_base
                0x0080e8f0                __malloc_trim_threshold
 .sdata         0x0080e8f8       0x14 ../Rotate_point_bsp/libhal_bsp.a(alt_dev.o)
                0x0080e908                alt_max_fd
                0x0080e900                alt_dev_list
                0x0080e8f8                alt_fs_list
 .sdata         0x0080e90c        0x4 ../Rotate_point_bsp/libhal_bsp.a(alt_errno.o)
                0x0080e90c                alt_errno
 .sdata         0x0080e910        0x4 ../Rotate_point_bsp/libhal_bsp.a(alt_sbrk.o)
 .sdata         0x0080e914        0x8 ../Rotate_point_bsp/libhal_bsp.a(alt_tick.o)
                0x0080e914                alt_alarm_list
 .sdata         0x0080e91c        0x8 ../Rotate_point_bsp/libhal_bsp.a(vga_controller.o)
                0x0080e91c                vga_dev_list
 .sdata         0x0080e924        0x8 ../Rotate_point_bsp/libhal_bsp.a(alt_flash_dev.o)
                0x0080e924                alt_flash_dev_list
 .sdata         0x0080e92c        0x4 ../Rotate_point_bsp/libhal_bsp.a(alt_irq_vars.o)
                0x0080e92c                alt_priority_mask
 *(.sdata2 .sdata2.* .gnu.linkonce.s2.*)
                0x0080e930                . = ALIGN (0x4)
                0x0080e930                _edata = <code 341> (.)
                0x0080e930                PROVIDE (edata, <code 341> (.))
                0x0080e930                PROVIDE (__ram_rwdata_end, <code 341> (.))
                0x0080e930                PROVIDE (__flash_rwdata_start, LOADADDR (.rwdata))

.bss            0x00810e64      0x2e0
                0x00810e64                __bss_start = <code 341> (.)
                0x00810e64                PROVIDE (__sbss_start, <code 341> (.))
                0x00810e64                PROVIDE (___sbss_start, <code 341> (.))
 *(.dynsbss)
 *(.sbss .sbss.* .gnu.linkonce.sb.*)
 .sbss          0x00810e64        0xc /usr/local/3rdparty/altera/quartus101/nios2eds/bin/gnu/H-i686-pc-linux-gnu/bin/../lib/gcc/nios2-elf/4.1.2/../../../../nios2-elf/lib/libc.a(lib_a-mallocr.o)
                0x00810e64                __malloc_top_pad
                0x00810e68                __malloc_max_sbrked_mem
                0x00810e6c                __malloc_max_total_mem
 .sbss          0x00810e70        0x4 /usr/local/3rdparty/altera/quartus101/nios2eds/bin/gnu/H-i686-pc-linux-gnu/bin/../lib/gcc/nios2-elf/4.1.2/../../../../nios2-elf/lib/libc.a(lib_a-int_errno.o)
                0x00810e70                errno
 .sbss          0x00810e74        0xc ../Rotate_point_bsp/libhal_bsp.a(alt_main.o)
                0x00810e78                alt_argv
                0x00810e7c                alt_envp
                0x00810e74                alt_argc
 .sbss          0x00810e80        0x8 ../Rotate_point_bsp/libhal_bsp.a(alt_tick.o)
                0x00810e80                _alt_tick_rate
                0x00810e84                _alt_nticks
 .sbss          0x00810e88        0x4 ../Rotate_point_bsp/libhal_bsp.a(alt_irq_vars.o)
                0x00810e88                alt_irq_active
 *(.sbss2 .sbss2.* .gnu.linkonce.sb2.*)
 *(.scommon)
                0x00810e8c                PROVIDE (__sbss_end, <code 341> (.))
                0x00810e8c                PROVIDE (___sbss_end, <code 341> (.))
 *(.dynbss)
 *(.bss .bss.* .gnu.linkonce.b.*)
 .bss           0x00810e8c        0x0 ../Rotate_point_bsp/obj/HAL/src/crt0.o
 .bss           0x00810e8c        0x0 obj/./graphics_lib/simple_graphics.o
 .bss           0x00810e8c        0x0 obj/hello_world.o
 .bss           0x00810e8c        0x0 /usr/local/3rdparty/altera/quartus101/nios2eds/bin/gnu/H-i686-pc-linux-gnu/bin/../lib/gcc/nios2-elf/4.1.2/libgcc.a(lib2-divmod.o)
 .bss           0x00810e8c        0x0 /usr/local/3rdparty/altera/quartus101/nios2eds/bin/gnu/H-i686-pc-linux-gnu/bin/../lib/gcc/nios2-elf/4.1.2/../../../../nios2-elf/lib/libc.a(lib_a-exit.o)
 .bss           0x00810e8c        0x0 /usr/local/3rdparty/altera/quartus101/nios2eds/bin/gnu/H-i686-pc-linux-gnu/bin/../lib/gcc/nios2-elf/4.1.2/../../../../nios2-elf/lib/libc.a(lib_a-impure.o)
 .bss           0x00810e8c        0x0 /usr/local/3rdparty/altera/quartus101/nios2eds/bin/gnu/H-i686-pc-linux-gnu/bin/../lib/gcc/nios2-elf/4.1.2/../../../../nios2-elf/lib/libc.a(lib_a-malloc.o)
 .bss           0x00810e8c       0x28 /usr/local/3rdparty/altera/quartus101/nios2eds/bin/gnu/H-i686-pc-linux-gnu/bin/../lib/gcc/nios2-elf/4.1.2/../../../../nios2-elf/lib/libc.a(lib_a-mallocr.o)
                0x00810e8c                __malloc_current_mallinfo
 .bss           0x00810eb4        0x0 /usr/local/3rdparty/altera/quartus101/nios2eds/bin/gnu/H-i686-pc-linux-gnu/bin/../lib/gcc/nios2-elf/4.1.2/../../../../nios2-elf/lib/libc.a(lib_a-memcpy.o)
 .bss           0x00810eb4        0x0 /usr/local/3rdparty/altera/quartus101/nios2eds/bin/gnu/H-i686-pc-linux-gnu/bin/../lib/gcc/nios2-elf/4.1.2/../../../../nios2-elf/lib/libc.a(lib_a-puts.o)
 .bss           0x00810eb4        0x0 /usr/local/3rdparty/altera/quartus101/nios2eds/bin/gnu/H-i686-pc-linux-gnu/bin/../lib/gcc/nios2-elf/4.1.2/../../../../nios2-elf/lib/libc.a(lib_a-sbrkr.o)
 .bss           0x00810eb4        0x0 /usr/local/3rdparty/altera/quartus101/nios2eds/bin/gnu/H-i686-pc-linux-gnu/bin/../lib/gcc/nios2-elf/4.1.2/../../../../nios2-elf/lib/libc.a(lib_a-strcpy.o)
 .bss           0x00810eb4        0x0 /usr/local/3rdparty/altera/quartus101/nios2eds/bin/gnu/H-i686-pc-linux-gnu/bin/../lib/gcc/nios2-elf/4.1.2/../../../../nios2-elf/lib/libc.a(lib_a-strlen.o)
 .bss           0x00810eb4        0x0 /usr/local/3rdparty/altera/quartus101/nios2eds/bin/gnu/H-i686-pc-linux-gnu/bin/../lib/gcc/nios2-elf/4.1.2/../../../../nios2-elf/lib/libc.a(lib_a-__call_atexit.o)
 .bss           0x00810eb4        0x0 /usr/local/3rdparty/altera/quartus101/nios2eds/bin/gnu/H-i686-pc-linux-gnu/bin/../lib/gcc/nios2-elf/4.1.2/../../../../nios2-elf/lib/libc.a(lib_a-freer.o)
 .bss           0x00810eb4        0x0 /usr/local/3rdparty/altera/quartus101/nios2eds/bin/gnu/H-i686-pc-linux-gnu/bin/../lib/gcc/nios2-elf/4.1.2/../../../../nios2-elf/lib/libc.a(lib_a-fvwrite.o)
 .bss           0x00810eb4        0x0 /usr/local/3rdparty/altera/quartus101/nios2eds/bin/gnu/H-i686-pc-linux-gnu/bin/../lib/gcc/nios2-elf/4.1.2/../../../../nios2-elf/lib/libc.a(lib_a-int_errno.o)
 .bss           0x00810eb4        0x0 /usr/local/3rdparty/altera/quartus101/nios2eds/bin/gnu/H-i686-pc-linux-gnu/bin/../lib/gcc/nios2-elf/4.1.2/../../../../nios2-elf/lib/libc.a(lib_a-memchr.o)
 .bss           0x00810eb4        0x0 /usr/local/3rdparty/altera/quartus101/nios2eds/bin/gnu/H-i686-pc-linux-gnu/bin/../lib/gcc/nios2-elf/4.1.2/../../../../nios2-elf/lib/libc.a(lib_a-memmove.o)
 .bss           0x00810eb4        0x0 /usr/local/3rdparty/altera/quartus101/nios2eds/bin/gnu/H-i686-pc-linux-gnu/bin/../lib/gcc/nios2-elf/4.1.2/../../../../nios2-elf/lib/libc.a(lib_a-reallocr.o)
 .bss           0x00810eb4        0x0 /usr/local/3rdparty/altera/quartus101/nios2eds/bin/gnu/H-i686-pc-linux-gnu/bin/../lib/gcc/nios2-elf/4.1.2/../../../../nios2-elf/lib/libc.a(lib_a-wsetup.o)
 .bss           0x00810eb4        0x0 /usr/local/3rdparty/altera/quartus101/nios2eds/bin/gnu/H-i686-pc-linux-gnu/bin/../lib/gcc/nios2-elf/4.1.2/../../../../nios2-elf/lib/libc.a(lib_a-fflush.o)
 .bss           0x00810eb4        0x0 /usr/local/3rdparty/altera/quartus101/nios2eds/bin/gnu/H-i686-pc-linux-gnu/bin/../lib/gcc/nios2-elf/4.1.2/../../../../nios2-elf/lib/libc.a(lib_a-findfp.o)
 .bss           0x00810eb4        0x0 /usr/local/3rdparty/altera/quartus101/nios2eds/bin/gnu/H-i686-pc-linux-gnu/bin/../lib/gcc/nios2-elf/4.1.2/../../../../nios2-elf/lib/libc.a(lib_a-fwalk.o)
 .bss           0x00810eb4        0x0 /usr/local/3rdparty/altera/quartus101/nios2eds/bin/gnu/H-i686-pc-linux-gnu/bin/../lib/gcc/nios2-elf/4.1.2/../../../../nios2-elf/lib/libc.a(lib_a-makebuf.o)
 .bss           0x00810eb4        0x0 /usr/local/3rdparty/altera/quartus101/nios2eds/bin/gnu/H-i686-pc-linux-gnu/bin/../lib/gcc/nios2-elf/4.1.2/../../../../nios2-elf/lib/libc.a(lib_a-memset.o)
 .bss           0x00810eb4        0x0 /usr/local/3rdparty/altera/quartus101/nios2eds/bin/gnu/H-i686-pc-linux-gnu/bin/../lib/gcc/nios2-elf/4.1.2/../../../../nios2-elf/lib/libc.a(lib_a-stdio.o)
 .bss           0x00810eb4        0x0 /usr/local/3rdparty/altera/quartus101/nios2eds/bin/gnu/H-i686-pc-linux-gnu/bin/../lib/gcc/nios2-elf/4.1.2/../../../../nios2-elf/lib/libc.a(lib_a-writer.o)
 .bss           0x00810eb4        0x0 /usr/local/3rdparty/altera/quartus101/nios2eds/bin/gnu/H-i686-pc-linux-gnu/bin/../lib/gcc/nios2-elf/4.1.2/../../../../nios2-elf/lib/libc.a(lib_a-closer.o)
 .bss           0x00810eb4        0x0 /usr/local/3rdparty/altera/quartus101/nios2eds/bin/gnu/H-i686-pc-linux-gnu/bin/../lib/gcc/nios2-elf/4.1.2/../../../../nios2-elf/lib/libc.a(lib_a-fclose.o)
 .bss           0x00810eb4        0x0 /usr/local/3rdparty/altera/quartus101/nios2eds/bin/gnu/H-i686-pc-linux-gnu/bin/../lib/gcc/nios2-elf/4.1.2/../../../../nios2-elf/lib/libc.a(lib_a-fstatr.o)
 .bss           0x00810eb4        0x0 /usr/local/3rdparty/altera/quartus101/nios2eds/bin/gnu/H-i686-pc-linux-gnu/bin/../lib/gcc/nios2-elf/4.1.2/../../../../nios2-elf/lib/libc.a(lib_a-isattyr.o)
 .bss           0x00810eb4        0x0 /usr/local/3rdparty/altera/quartus101/nios2eds/bin/gnu/H-i686-pc-linux-gnu/bin/../lib/gcc/nios2-elf/4.1.2/../../../../nios2-elf/lib/libc.a(lib_a-lseekr.o)
 .bss           0x00810eb4        0x0 /usr/local/3rdparty/altera/quartus101/nios2eds/bin/gnu/H-i686-pc-linux-gnu/bin/../lib/gcc/nios2-elf/4.1.2/../../../../nios2-elf/lib/libc.a(lib_a-readr.o)
 .bss           0x00810eb4        0x0 ../Rotate_point_bsp/libhal_bsp.a(alt_close.o)
 .bss           0x00810eb4        0x0 ../Rotate_point_bsp/libhal_bsp.a(alt_dev.o)
 .bss           0x00810eb4        0x0 ../Rotate_point_bsp/libhal_bsp.a(alt_errno.o)
 .bss           0x00810eb4        0x0 ../Rotate_point_bsp/libhal_bsp.a(alt_exit.o)
 .bss           0x00810eb4        0x0 ../Rotate_point_bsp/libhal_bsp.a(alt_fstat.o)
 .bss           0x00810eb4        0x0 ../Rotate_point_bsp/libhal_bsp.a(alt_isatty.o)
 .bss           0x00810eb4        0x0 ../Rotate_point_bsp/libhal_bsp.a(alt_load.o)
 .bss           0x00810eb4        0x0 ../Rotate_point_bsp/libhal_bsp.a(alt_lseek.o)
 .bss           0x00810eb4        0x0 ../Rotate_point_bsp/libhal_bsp.a(alt_main.o)
 .bss           0x00810eb4        0x0 ../Rotate_point_bsp/libhal_bsp.a(alt_malloc_lock.o)
 .bss           0x00810eb4        0x0 ../Rotate_point_bsp/libhal_bsp.a(alt_read.o)
 .bss           0x00810eb4        0x0 ../Rotate_point_bsp/libhal_bsp.a(alt_release_fd.o)
 .bss           0x00810eb4        0x0 ../Rotate_point_bsp/libhal_bsp.a(alt_sbrk.o)
 .bss           0x00810eb4        0x0 ../Rotate_point_bsp/libhal_bsp.a(alt_tick.o)
 .bss           0x00810eb4        0x0 ../Rotate_point_bsp/libhal_bsp.a(alt_write.o)
 .bss           0x00810eb4        0x0 ../Rotate_point_bsp/libhal_bsp.a(vga_controller.o)
 .bss           0x00810eb4        0x0 ../Rotate_point_bsp/libhal_bsp.a(alt_sys_init.o)
 .bss           0x00810eb4        0x0 ../Rotate_point_bsp/libhal_bsp.a(altera_avalon_cfi_flash.o)
 .bss           0x00810eb4        0x0 ../Rotate_point_bsp/libhal_bsp.a(altera_avalon_cfi_flash_table.o)
 .bss           0x00810eb4        0x0 ../Rotate_point_bsp/libhal_bsp.a(altera_avalon_jtag_uart_fd.o)
 .bss           0x00810eb4        0x0 ../Rotate_point_bsp/libhal_bsp.a(altera_avalon_jtag_uart_init.o)
 .bss           0x00810eb4        0x0 ../Rotate_point_bsp/libhal_bsp.a(altera_avalon_jtag_uart_ioctl.o)
 .bss           0x00810eb4        0x0 ../Rotate_point_bsp/libhal_bsp.a(altera_avalon_jtag_uart_read.o)
 .bss           0x00810eb4        0x0 ../Rotate_point_bsp/libhal_bsp.a(altera_avalon_jtag_uart_write.o)
 .bss           0x00810eb4        0x0 ../Rotate_point_bsp/libhal_bsp.a(altera_avalon_timer_sc.o)
 .bss           0x00810eb4        0x0 ../Rotate_point_bsp/libhal_bsp.a(alt_alarm_start.o)
 .bss           0x00810eb4        0x0 ../Rotate_point_bsp/libhal_bsp.a(alt_dcache_flush.o)
 .bss           0x00810eb4        0x0 ../Rotate_point_bsp/libhal_bsp.a(alt_dcache_flush_all.o)
 .bss           0x00810eb4        0x0 ../Rotate_point_bsp/libhal_bsp.a(alt_dev_llist_insert.o)
 .bss           0x00810eb4        0x0 ../Rotate_point_bsp/libhal_bsp.a(alt_do_ctors.o)
 .bss           0x00810eb4        0x0 ../Rotate_point_bsp/libhal_bsp.a(alt_do_dtors.o)
 .bss           0x00810eb4        0x0 ../Rotate_point_bsp/libhal_bsp.a(alt_find_dev.o)
 .bss           0x00810eb4        0x0 ../Rotate_point_bsp/libhal_bsp.a(alt_flash_dev.o)
 .bss           0x00810eb4        0x0 ../Rotate_point_bsp/libhal_bsp.a(alt_icache_flush_all.o)
 .bss           0x00810eb4        0x0 ../Rotate_point_bsp/libhal_bsp.a(alt_iic.o)
 .bss           0x00810eb4        0x0 ../Rotate_point_bsp/libhal_bsp.a(alt_iic_isr_register.o)
 .bss           0x00810eb4        0x0 ../Rotate_point_bsp/libhal_bsp.a(alt_io_redirect.o)
 .bss           0x00810eb4        0x0 ../Rotate_point_bsp/libhal_bsp.a(alt_irq_entry.o)
 .bss           0x00810eb4        0x0 ../Rotate_point_bsp/libhal_bsp.a(alt_irq_handler.o)
 .bss           0x00810eb4        0x0 ../Rotate_point_bsp/libhal_bsp.a(alt_irq_vars.o)
 .bss           0x00810eb4        0x0 ../Rotate_point_bsp/libhal_bsp.a(alt_open.o)
 .bss           0x00810eb4        0x0 ../Rotate_point_bsp/libhal_bsp.a(alt_uncached_malloc.o)
 .bss           0x00810eb4        0x0 ../Rotate_point_bsp/libhal_bsp.a(altera_nios2_irq.o)
 .bss           0x00810eb4        0x0 ../Rotate_point_bsp/libhal_bsp.a(altera_avalon_cfi_flash_amd.o)
 .bss           0x00810eb4        0x0 ../Rotate_point_bsp/libhal_bsp.a(altera_avalon_cfi_flash_intel.o)
 .bss           0x00810eb4        0x0 ../Rotate_point_bsp/libhal_bsp.a(alt_exception_entry.o)
 .bss           0x00810eb4        0x0 ../Rotate_point_bsp/libhal_bsp.a(alt_find_file.o)
 .bss           0x00810eb4        0x0 ../Rotate_point_bsp/libhal_bsp.a(alt_get_fd.o)
 .bss           0x00810eb4        0x0 ../Rotate_point_bsp/libhal_bsp.a(alt_icache_flush.o)
 .bss           0x00810eb4        0x0 ../Rotate_point_bsp/libhal_bsp.a(alt_usleep.o)
 .bss           0x00810eb4        0x0 ../Rotate_point_bsp/libhal_bsp.a(alt_busy_sleep.o)
 .bss           0x00810eb4        0x0 /usr/local/3rdparty/altera/quartus101/nios2eds/bin/gnu/H-i686-pc-linux-gnu/bin/../lib/gcc/nios2-elf/4.1.2/../../../../nios2-elf/lib/libc.a(lib_a-atexit.o)
 .bss           0x00810eb4        0x0 /usr/local/3rdparty/altera/quartus101/nios2eds/bin/gnu/H-i686-pc-linux-gnu/bin/../lib/gcc/nios2-elf/4.1.2/../../../../nios2-elf/lib/libc.a(lib_a-memcmp.o)
 .bss           0x00810eb4        0x0 /usr/local/3rdparty/altera/quartus101/nios2eds/bin/gnu/H-i686-pc-linux-gnu/bin/../lib/gcc/nios2-elf/4.1.2/../../../../nios2-elf/lib/libc.a(lib_a-__atexit.o)
 *(COMMON)
 COMMON         0x00810eb4      0x100 ../Rotate_point_bsp/libhal_bsp.a(alt_irq_handler.o)
                0x00810eb4                alt_irq
 COMMON         0x00810fb4      0x190 /usr/local/3rdparty/altera/quartus101/nios2eds/bin/gnu/H-i686-pc-linux-gnu/bin/../lib/gcc/nios2-elf/4.1.2/../../../../nios2-elf/lib/libc.a(lib_a-atexit.o)
                0x00810fb4                _atexit0
                0x00811144                . = ALIGN (0x4)
                0x00811144                __bss_end = <code 341> (.)

.sdram          0x00811144        0x0
                0x00811144                PROVIDE (_alt_partition_sdram_start, <code 341> (.))
 *(.sdram. sdram.*)
                0x00811144                . = ALIGN (0x4)
                0x00811144                PROVIDE (_alt_partition_sdram_end, <code 341> (.))
                0x00811144                _end = <code 341> (.)
                0x00811144                end = <code 341> (.)
                0x00811144                __alt_stack_base = <code 341> (.)
                0x00811144                PROVIDE (_alt_partition_sdram_load_addr, LOADADDR (.sdram))

.ext_flash      0x01400000        0x0 load address 0x00811144
                0x01400000                PROVIDE (_alt_partition_ext_flash_start, <code 341> (.))
 *(.ext_flash. ext_flash.*)
                0x01400000                . = ALIGN (0x4)
                0x01400000                PROVIDE (_alt_partition_ext_flash_end, <code 341> (.))
                0x00811144                PROVIDE (_alt_partition_ext_flash_load_addr, LOADADDR (.ext_flash))

.sram           0x01800000        0x0 load address 0x00811144
                0x01800000                PROVIDE (_alt_partition_sram_start, <code 341> (.))
 *(.sram. sram.*)
                0x01800000                . = ALIGN (0x4)
                0x01800000                PROVIDE (_alt_partition_sram_end, <code 341> (.))
                0x00811144                PROVIDE (_alt_partition_sram_load_addr, LOADADDR (.sram))

.stab
 *(.stab)

.stabstr
 *(.stabstr)

.stab.excl
 *(.stab.excl)

.stab.exclstr
 *(.stab.exclstr)

.stab.index
 *(.stab.index)

.stab.indexstr
 *(.stab.indexstr)

.comment        0x00000000      0xbf4
 *(.comment)
 .comment       0x00000000       0x24 obj/./graphics_lib/simple_graphics.o
 .comment       0x00000024       0x24 obj/hello_world.o
 .comment       0x00000048       0x24 /usr/local/3rdparty/altera/quartus101/nios2eds/bin/gnu/H-i686-pc-linux-gnu/bin/../lib/gcc/nios2-elf/4.1.2/libgcc.a(lib2-divmod.o)
 .comment       0x0000006c       0x24 /usr/local/3rdparty/altera/quartus101/nios2eds/bin/gnu/H-i686-pc-linux-gnu/bin/../lib/gcc/nios2-elf/4.1.2/../../../../nios2-elf/lib/libc.a(lib_a-exit.o)
 .comment       0x00000090       0x24 /usr/local/3rdparty/altera/quartus101/nios2eds/bin/gnu/H-i686-pc-linux-gnu/bin/../lib/gcc/nios2-elf/4.1.2/../../../../nios2-elf/lib/libc.a(lib_a-impure.o)
 .comment       0x000000b4       0x24 /usr/local/3rdparty/altera/quartus101/nios2eds/bin/gnu/H-i686-pc-linux-gnu/bin/../lib/gcc/nios2-elf/4.1.2/../../../../nios2-elf/lib/libc.a(lib_a-malloc.o)
 .comment       0x000000d8       0x24 /usr/local/3rdparty/altera/quartus101/nios2eds/bin/gnu/H-i686-pc-linux-gnu/bin/../lib/gcc/nios2-elf/4.1.2/../../../../nios2-elf/lib/libc.a(lib_a-mallocr.o)
 .comment       0x000000fc       0x24 /usr/local/3rdparty/altera/quartus101/nios2eds/bin/gnu/H-i686-pc-linux-gnu/bin/../lib/gcc/nios2-elf/4.1.2/../../../../nios2-elf/lib/libc.a(lib_a-memcpy.o)
 .comment       0x00000120       0x24 /usr/local/3rdparty/altera/quartus101/nios2eds/bin/gnu/H-i686-pc-linux-gnu/bin/../lib/gcc/nios2-elf/4.1.2/../../../../nios2-elf/lib/libc.a(lib_a-puts.o)
 .comment       0x00000144       0x24 /usr/local/3rdparty/altera/quartus101/nios2eds/bin/gnu/H-i686-pc-linux-gnu/bin/../lib/gcc/nios2-elf/4.1.2/../../../../nios2-elf/lib/libc.a(lib_a-sbrkr.o)
 .comment       0x00000168       0x24 /usr/local/3rdparty/altera/quartus101/nios2eds/bin/gnu/H-i686-pc-linux-gnu/bin/../lib/gcc/nios2-elf/4.1.2/../../../../nios2-elf/lib/libc.a(lib_a-strcpy.o)
 .comment       0x0000018c       0x24 /usr/local/3rdparty/altera/quartus101/nios2eds/bin/gnu/H-i686-pc-linux-gnu/bin/../lib/gcc/nios2-elf/4.1.2/../../../../nios2-elf/lib/libc.a(lib_a-strlen.o)
 .comment       0x000001b0       0x24 /usr/local/3rdparty/altera/quartus101/nios2eds/bin/gnu/H-i686-pc-linux-gnu/bin/../lib/gcc/nios2-elf/4.1.2/../../../../nios2-elf/lib/libc.a(lib_a-__call_atexit.o)
 .comment       0x000001d4       0x24 /usr/local/3rdparty/altera/quartus101/nios2eds/bin/gnu/H-i686-pc-linux-gnu/bin/../lib/gcc/nios2-elf/4.1.2/../../../../nios2-elf/lib/libc.a(lib_a-freer.o)
 .comment       0x000001f8       0x24 /usr/local/3rdparty/altera/quartus101/nios2eds/bin/gnu/H-i686-pc-linux-gnu/bin/../lib/gcc/nios2-elf/4.1.2/../../../../nios2-elf/lib/libc.a(lib_a-fvwrite.o)
 .comment       0x0000021c       0x24 /usr/local/3rdparty/altera/quartus101/nios2eds/bin/gnu/H-i686-pc-linux-gnu/bin/../lib/gcc/nios2-elf/4.1.2/../../../../nios2-elf/lib/libc.a(lib_a-int_errno.o)
 .comment       0x00000240       0x24 /usr/local/3rdparty/altera/quartus101/nios2eds/bin/gnu/H-i686-pc-linux-gnu/bin/../lib/gcc/nios2-elf/4.1.2/../../../../nios2-elf/lib/libc.a(lib_a-memchr.o)
 .comment       0x00000264       0x24 /usr/local/3rdparty/altera/quartus101/nios2eds/bin/gnu/H-i686-pc-linux-gnu/bin/../lib/gcc/nios2-elf/4.1.2/../../../../nios2-elf/lib/libc.a(lib_a-memmove.o)
 .comment       0x00000288       0x24 /usr/local/3rdparty/altera/quartus101/nios2eds/bin/gnu/H-i686-pc-linux-gnu/bin/../lib/gcc/nios2-elf/4.1.2/../../../../nios2-elf/lib/libc.a(lib_a-reallocr.o)
 .comment       0x000002ac       0x24 /usr/local/3rdparty/altera/quartus101/nios2eds/bin/gnu/H-i686-pc-linux-gnu/bin/../lib/gcc/nios2-elf/4.1.2/../../../../nios2-elf/lib/libc.a(lib_a-wsetup.o)
 .comment       0x000002d0       0x24 /usr/local/3rdparty/altera/quartus101/nios2eds/bin/gnu/H-i686-pc-linux-gnu/bin/../lib/gcc/nios2-elf/4.1.2/../../../../nios2-elf/lib/libc.a(lib_a-fflush.o)
 .comment       0x000002f4       0x24 /usr/local/3rdparty/altera/quartus101/nios2eds/bin/gnu/H-i686-pc-linux-gnu/bin/../lib/gcc/nios2-elf/4.1.2/../../../../nios2-elf/lib/libc.a(lib_a-findfp.o)
 .comment       0x00000318       0x24 /usr/local/3rdparty/altera/quartus101/nios2eds/bin/gnu/H-i686-pc-linux-gnu/bin/../lib/gcc/nios2-elf/4.1.2/../../../../nios2-elf/lib/libc.a(lib_a-fwalk.o)
 .comment       0x0000033c       0x24 /usr/local/3rdparty/altera/quartus101/nios2eds/bin/gnu/H-i686-pc-linux-gnu/bin/../lib/gcc/nios2-elf/4.1.2/../../../../nios2-elf/lib/libc.a(lib_a-makebuf.o)
 .comment       0x00000360       0x24 /usr/local/3rdparty/altera/quartus101/nios2eds/bin/gnu/H-i686-pc-linux-gnu/bin/../lib/gcc/nios2-elf/4.1.2/../../../../nios2-elf/lib/libc.a(lib_a-memset.o)
 .comment       0x00000384       0x24 /usr/local/3rdparty/altera/quartus101/nios2eds/bin/gnu/H-i686-pc-linux-gnu/bin/../lib/gcc/nios2-elf/4.1.2/../../../../nios2-elf/lib/libc.a(lib_a-stdio.o)
 .comment       0x000003a8       0x24 /usr/local/3rdparty/altera/quartus101/nios2eds/bin/gnu/H-i686-pc-linux-gnu/bin/../lib/gcc/nios2-elf/4.1.2/../../../../nios2-elf/lib/libc.a(lib_a-writer.o)
 .comment       0x000003cc       0x24 /usr/local/3rdparty/altera/quartus101/nios2eds/bin/gnu/H-i686-pc-linux-gnu/bin/../lib/gcc/nios2-elf/4.1.2/../../../../nios2-elf/lib/libc.a(lib_a-closer.o)
 .comment       0x000003f0       0x24 /usr/local/3rdparty/altera/quartus101/nios2eds/bin/gnu/H-i686-pc-linux-gnu/bin/../lib/gcc/nios2-elf/4.1.2/../../../../nios2-elf/lib/libc.a(lib_a-fclose.o)
 .comment       0x00000414       0x24 /usr/local/3rdparty/altera/quartus101/nios2eds/bin/gnu/H-i686-pc-linux-gnu/bin/../lib/gcc/nios2-elf/4.1.2/../../../../nios2-elf/lib/libc.a(lib_a-fstatr.o)
 .comment       0x00000438       0x24 /usr/local/3rdparty/altera/quartus101/nios2eds/bin/gnu/H-i686-pc-linux-gnu/bin/../lib/gcc/nios2-elf/4.1.2/../../../../nios2-elf/lib/libc.a(lib_a-isattyr.o)
 .comment       0x0000045c       0x24 /usr/local/3rdparty/altera/quartus101/nios2eds/bin/gnu/H-i686-pc-linux-gnu/bin/../lib/gcc/nios2-elf/4.1.2/../../../../nios2-elf/lib/libc.a(lib_a-lseekr.o)
 .comment       0x00000480       0x24 /usr/local/3rdparty/altera/quartus101/nios2eds/bin/gnu/H-i686-pc-linux-gnu/bin/../lib/gcc/nios2-elf/4.1.2/../../../../nios2-elf/lib/libc.a(lib_a-readr.o)
 .comment       0x000004a4       0x24 ../Rotate_point_bsp/libhal_bsp.a(alt_close.o)
 .comment       0x000004c8       0x24 ../Rotate_point_bsp/libhal_bsp.a(alt_dev.o)
 .comment       0x000004ec       0x24 ../Rotate_point_bsp/libhal_bsp.a(alt_errno.o)
 .comment       0x00000510       0x24 ../Rotate_point_bsp/libhal_bsp.a(alt_exit.o)
 .comment       0x00000534       0x24 ../Rotate_point_bsp/libhal_bsp.a(alt_fstat.o)
 .comment       0x00000558       0x24 ../Rotate_point_bsp/libhal_bsp.a(alt_isatty.o)
 .comment       0x0000057c       0x24 ../Rotate_point_bsp/libhal_bsp.a(alt_load.o)
 .comment       0x000005a0       0x24 ../Rotate_point_bsp/libhal_bsp.a(alt_lseek.o)
 .comment       0x000005c4       0x24 ../Rotate_point_bsp/libhal_bsp.a(alt_main.o)
 .comment       0x000005e8       0x24 ../Rotate_point_bsp/libhal_bsp.a(alt_malloc_lock.o)
 .comment       0x0000060c       0x24 ../Rotate_point_bsp/libhal_bsp.a(alt_read.o)
 .comment       0x00000630       0x24 ../Rotate_point_bsp/libhal_bsp.a(alt_release_fd.o)
 .comment       0x00000654       0x24 ../Rotate_point_bsp/libhal_bsp.a(alt_sbrk.o)
 .comment       0x00000678       0x24 ../Rotate_point_bsp/libhal_bsp.a(alt_tick.o)
 .comment       0x0000069c       0x24 ../Rotate_point_bsp/libhal_bsp.a(alt_write.o)
 .comment       0x000006c0       0x24 ../Rotate_point_bsp/libhal_bsp.a(vga_controller.o)
 .comment       0x000006e4       0x24 ../Rotate_point_bsp/libhal_bsp.a(alt_sys_init.o)
 .comment       0x00000708       0x24 ../Rotate_point_bsp/libhal_bsp.a(altera_avalon_cfi_flash.o)
 .comment       0x0000072c       0x24 ../Rotate_point_bsp/libhal_bsp.a(altera_avalon_cfi_flash_table.o)
 .comment       0x00000750       0x24 ../Rotate_point_bsp/libhal_bsp.a(altera_avalon_jtag_uart_fd.o)
 .comment       0x00000774       0x24 ../Rotate_point_bsp/libhal_bsp.a(altera_avalon_jtag_uart_init.o)
 .comment       0x00000798       0x24 ../Rotate_point_bsp/libhal_bsp.a(altera_avalon_jtag_uart_ioctl.o)
 .comment       0x000007bc       0x24 ../Rotate_point_bsp/libhal_bsp.a(altera_avalon_jtag_uart_read.o)
 .comment       0x000007e0       0x24 ../Rotate_point_bsp/libhal_bsp.a(altera_avalon_jtag_uart_write.o)
 .comment       0x00000804       0x24 ../Rotate_point_bsp/libhal_bsp.a(altera_avalon_timer_sc.o)
 .comment       0x00000828       0x24 ../Rotate_point_bsp/libhal_bsp.a(alt_alarm_start.o)
 .comment       0x0000084c       0x24 ../Rotate_point_bsp/libhal_bsp.a(alt_dcache_flush.o)
 .comment       0x00000870       0x24 ../Rotate_point_bsp/libhal_bsp.a(alt_dcache_flush_all.o)
 .comment       0x00000894       0x24 ../Rotate_point_bsp/libhal_bsp.a(alt_dev_llist_insert.o)
 .comment       0x000008b8       0x24 ../Rotate_point_bsp/libhal_bsp.a(alt_do_ctors.o)
 .comment       0x000008dc       0x24 ../Rotate_point_bsp/libhal_bsp.a(alt_do_dtors.o)
 .comment       0x00000900       0x24 ../Rotate_point_bsp/libhal_bsp.a(alt_find_dev.o)
 .comment       0x00000924       0x24 ../Rotate_point_bsp/libhal_bsp.a(alt_flash_dev.o)
 .comment       0x00000948       0x24 ../Rotate_point_bsp/libhal_bsp.a(alt_icache_flush_all.o)
 .comment       0x0000096c       0x24 ../Rotate_point_bsp/libhal_bsp.a(alt_iic.o)
 .comment       0x00000990       0x24 ../Rotate_point_bsp/libhal_bsp.a(alt_iic_isr_register.o)
 .comment       0x000009b4       0x24 ../Rotate_point_bsp/libhal_bsp.a(alt_io_redirect.o)
 .comment       0x000009d8       0x24 ../Rotate_point_bsp/libhal_bsp.a(alt_irq_handler.o)
 .comment       0x000009fc       0x24 ../Rotate_point_bsp/libhal_bsp.a(alt_irq_vars.o)
 .comment       0x00000a20       0x24 ../Rotate_point_bsp/libhal_bsp.a(alt_open.o)
 .comment       0x00000a44       0x24 ../Rotate_point_bsp/libhal_bsp.a(alt_uncached_malloc.o)
 .comment       0x00000a68       0x24 ../Rotate_point_bsp/libhal_bsp.a(altera_nios2_irq.o)
 .comment       0x00000a8c       0x24 ../Rotate_point_bsp/libhal_bsp.a(altera_avalon_cfi_flash_amd.o)
 .comment       0x00000ab0       0x24 ../Rotate_point_bsp/libhal_bsp.a(altera_avalon_cfi_flash_intel.o)
 .comment       0x00000ad4       0x24 ../Rotate_point_bsp/libhal_bsp.a(alt_find_file.o)
 .comment       0x00000af8       0x24 ../Rotate_point_bsp/libhal_bsp.a(alt_get_fd.o)
 .comment       0x00000b1c       0x24 ../Rotate_point_bsp/libhal_bsp.a(alt_icache_flush.o)
 .comment       0x00000b40       0x24 ../Rotate_point_bsp/libhal_bsp.a(alt_usleep.o)
 .comment       0x00000b64       0x24 ../Rotate_point_bsp/libhal_bsp.a(alt_busy_sleep.o)
 .comment       0x00000b88       0x24 /usr/local/3rdparty/altera/quartus101/nios2eds/bin/gnu/H-i686-pc-linux-gnu/bin/../lib/gcc/nios2-elf/4.1.2/../../../../nios2-elf/lib/libc.a(lib_a-atexit.o)
 .comment       0x00000bac       0x24 /usr/local/3rdparty/altera/quartus101/nios2eds/bin/gnu/H-i686-pc-linux-gnu/bin/../lib/gcc/nios2-elf/4.1.2/../../../../nios2-elf/lib/libc.a(lib_a-memcmp.o)
 .comment       0x00000bd0       0x24 /usr/local/3rdparty/altera/quartus101/nios2eds/bin/gnu/H-i686-pc-linux-gnu/bin/../lib/gcc/nios2-elf/4.1.2/../../../../nios2-elf/lib/libc.a(lib_a-__atexit.o)

.debug
 *(.debug)

.line
 *(.line)

.debug_srcinfo
 *(.debug_srcinfo)

.debug_sfnames
 *(.debug_sfnames)

.debug_aranges  0x00000000      0xab8
 *(.debug_aranges)
 .debug_aranges
                0x00000000       0x28 ../Rotate_point_bsp/obj/HAL/src/crt0.o
 .debug_aranges
                0x00000028       0x20 obj/./graphics_lib/simple_graphics.o
 .debug_aranges
                0x00000048       0x20 obj/hello_world.o
 .debug_aranges
                0x00000068       0x20 /usr/local/3rdparty/altera/quartus101/nios2eds/bin/gnu/H-i686-pc-linux-gnu/bin/../lib/gcc/nios2-elf/4.1.2/libgcc.a(lib2-divmod.o)
 .debug_aranges
                0x00000088       0x20 /usr/local/3rdparty/altera/quartus101/nios2eds/bin/gnu/H-i686-pc-linux-gnu/bin/../lib/gcc/nios2-elf/4.1.2/../../../../nios2-elf/lib/libc.a(lib_a-exit.o)
 .debug_aranges
                0x000000a8       0x20 /usr/local/3rdparty/altera/quartus101/nios2eds/bin/gnu/H-i686-pc-linux-gnu/bin/../lib/gcc/nios2-elf/4.1.2/../../../../nios2-elf/lib/libc.a(lib_a-malloc.o)
 .debug_aranges
                0x000000c8       0x20 /usr/local/3rdparty/altera/quartus101/nios2eds/bin/gnu/H-i686-pc-linux-gnu/bin/../lib/gcc/nios2-elf/4.1.2/../../../../nios2-elf/lib/libc.a(lib_a-mallocr.o)
 .debug_aranges
                0x000000e8       0x20 /usr/local/3rdparty/altera/quartus101/nios2eds/bin/gnu/H-i686-pc-linux-gnu/bin/../lib/gcc/nios2-elf/4.1.2/../../../../nios2-elf/lib/libc.a(lib_a-memcpy.o)
 .debug_aranges
                0x00000108       0x20 /usr/local/3rdparty/altera/quartus101/nios2eds/bin/gnu/H-i686-pc-linux-gnu/bin/../lib/gcc/nios2-elf/4.1.2/../../../../nios2-elf/lib/libc.a(lib_a-puts.o)
 .debug_aranges
                0x00000128       0x20 /usr/local/3rdparty/altera/quartus101/nios2eds/bin/gnu/H-i686-pc-linux-gnu/bin/../lib/gcc/nios2-elf/4.1.2/../../../../nios2-elf/lib/libc.a(lib_a-sbrkr.o)
 .debug_aranges
                0x00000148       0x20 /usr/local/3rdparty/altera/quartus101/nios2eds/bin/gnu/H-i686-pc-linux-gnu/bin/../lib/gcc/nios2-elf/4.1.2/../../../../nios2-elf/lib/libc.a(lib_a-strcpy.o)
 .debug_aranges
                0x00000168       0x20 /usr/local/3rdparty/altera/quartus101/nios2eds/bin/gnu/H-i686-pc-linux-gnu/bin/../lib/gcc/nios2-elf/4.1.2/../../../../nios2-elf/lib/libc.a(lib_a-strlen.o)
 .debug_aranges
                0x00000188       0x20 /usr/local/3rdparty/altera/quartus101/nios2eds/bin/gnu/H-i686-pc-linux-gnu/bin/../lib/gcc/nios2-elf/4.1.2/../../../../nios2-elf/lib/libc.a(lib_a-__call_atexit.o)
 .debug_aranges
                0x000001a8       0x20 /usr/local/3rdparty/altera/quartus101/nios2eds/bin/gnu/H-i686-pc-linux-gnu/bin/../lib/gcc/nios2-elf/4.1.2/../../../../nios2-elf/lib/libc.a(lib_a-freer.o)
 .debug_aranges
                0x000001c8       0x20 /usr/local/3rdparty/altera/quartus101/nios2eds/bin/gnu/H-i686-pc-linux-gnu/bin/../lib/gcc/nios2-elf/4.1.2/../../../../nios2-elf/lib/libc.a(lib_a-fvwrite.o)
 .debug_aranges
                0x000001e8       0x20 /usr/local/3rdparty/altera/quartus101/nios2eds/bin/gnu/H-i686-pc-linux-gnu/bin/../lib/gcc/nios2-elf/4.1.2/../../../../nios2-elf/lib/libc.a(lib_a-memchr.o)
 .debug_aranges
                0x00000208       0x20 /usr/local/3rdparty/altera/quartus101/nios2eds/bin/gnu/H-i686-pc-linux-gnu/bin/../lib/gcc/nios2-elf/4.1.2/../../../../nios2-elf/lib/libc.a(lib_a-memmove.o)
 .debug_aranges
                0x00000228       0x20 /usr/local/3rdparty/altera/quartus101/nios2eds/bin/gnu/H-i686-pc-linux-gnu/bin/../lib/gcc/nios2-elf/4.1.2/../../../../nios2-elf/lib/libc.a(lib_a-reallocr.o)
 .debug_aranges
                0x00000248       0x20 /usr/local/3rdparty/altera/quartus101/nios2eds/bin/gnu/H-i686-pc-linux-gnu/bin/../lib/gcc/nios2-elf/4.1.2/../../../../nios2-elf/lib/libc.a(lib_a-wsetup.o)
 .debug_aranges
                0x00000268       0x20 /usr/local/3rdparty/altera/quartus101/nios2eds/bin/gnu/H-i686-pc-linux-gnu/bin/../lib/gcc/nios2-elf/4.1.2/../../../../nios2-elf/lib/libc.a(lib_a-fflush.o)
 .debug_aranges
                0x00000288       0x20 /usr/local/3rdparty/altera/quartus101/nios2eds/bin/gnu/H-i686-pc-linux-gnu/bin/../lib/gcc/nios2-elf/4.1.2/../../../../nios2-elf/lib/libc.a(lib_a-findfp.o)
 .debug_aranges
                0x000002a8       0x20 /usr/local/3rdparty/altera/quartus101/nios2eds/bin/gnu/H-i686-pc-linux-gnu/bin/../lib/gcc/nios2-elf/4.1.2/../../../../nios2-elf/lib/libc.a(lib_a-fwalk.o)
 .debug_aranges
                0x000002c8       0x20 /usr/local/3rdparty/altera/quartus101/nios2eds/bin/gnu/H-i686-pc-linux-gnu/bin/../lib/gcc/nios2-elf/4.1.2/../../../../nios2-elf/lib/libc.a(lib_a-makebuf.o)
 .debug_aranges
                0x000002e8       0x20 /usr/local/3rdparty/altera/quartus101/nios2eds/bin/gnu/H-i686-pc-linux-gnu/bin/../lib/gcc/nios2-elf/4.1.2/../../../../nios2-elf/lib/libc.a(lib_a-memset.o)
 .debug_aranges
                0x00000308       0x20 /usr/local/3rdparty/altera/quartus101/nios2eds/bin/gnu/H-i686-pc-linux-gnu/bin/../lib/gcc/nios2-elf/4.1.2/../../../../nios2-elf/lib/libc.a(lib_a-stdio.o)
 .debug_aranges
                0x00000328       0x20 /usr/local/3rdparty/altera/quartus101/nios2eds/bin/gnu/H-i686-pc-linux-gnu/bin/../lib/gcc/nios2-elf/4.1.2/../../../../nios2-elf/lib/libc.a(lib_a-writer.o)
 .debug_aranges
                0x00000348       0x20 /usr/local/3rdparty/altera/quartus101/nios2eds/bin/gnu/H-i686-pc-linux-gnu/bin/../lib/gcc/nios2-elf/4.1.2/../../../../nios2-elf/lib/libc.a(lib_a-closer.o)
 .debug_aranges
                0x00000368       0x20 /usr/local/3rdparty/altera/quartus101/nios2eds/bin/gnu/H-i686-pc-linux-gnu/bin/../lib/gcc/nios2-elf/4.1.2/../../../../nios2-elf/lib/libc.a(lib_a-fclose.o)
 .debug_aranges
                0x00000388       0x20 /usr/local/3rdparty/altera/quartus101/nios2eds/bin/gnu/H-i686-pc-linux-gnu/bin/../lib/gcc/nios2-elf/4.1.2/../../../../nios2-elf/lib/libc.a(lib_a-fstatr.o)
 .debug_aranges
                0x000003a8       0x20 /usr/local/3rdparty/altera/quartus101/nios2eds/bin/gnu/H-i686-pc-linux-gnu/bin/../lib/gcc/nios2-elf/4.1.2/../../../../nios2-elf/lib/libc.a(lib_a-isattyr.o)
 .debug_aranges
                0x000003c8       0x20 /usr/local/3rdparty/altera/quartus101/nios2eds/bin/gnu/H-i686-pc-linux-gnu/bin/../lib/gcc/nios2-elf/4.1.2/../../../../nios2-elf/lib/libc.a(lib_a-lseekr.o)
 .debug_aranges
                0x000003e8       0x20 /usr/local/3rdparty/altera/quartus101/nios2eds/bin/gnu/H-i686-pc-linux-gnu/bin/../lib/gcc/nios2-elf/4.1.2/../../../../nios2-elf/lib/libc.a(lib_a-readr.o)
 .debug_aranges
                0x00000408       0x20 ../Rotate_point_bsp/libhal_bsp.a(alt_close.o)
 .debug_aranges
                0x00000428       0x20 ../Rotate_point_bsp/libhal_bsp.a(alt_dev.o)
 .debug_aranges
                0x00000448       0x20 ../Rotate_point_bsp/libhal_bsp.a(alt_exit.o)
 .debug_aranges
                0x00000468       0x20 ../Rotate_point_bsp/libhal_bsp.a(alt_fstat.o)
 .debug_aranges
                0x00000488       0x20 ../Rotate_point_bsp/libhal_bsp.a(alt_isatty.o)
 .debug_aranges
                0x000004a8       0x20 ../Rotate_point_bsp/libhal_bsp.a(alt_load.o)
 .debug_aranges
                0x000004c8       0x20 ../Rotate_point_bsp/libhal_bsp.a(alt_lseek.o)
 .debug_aranges
                0x000004e8       0x20 ../Rotate_point_bsp/libhal_bsp.a(alt_main.o)
 .debug_aranges
                0x00000508       0x20 ../Rotate_point_bsp/libhal_bsp.a(alt_malloc_lock.o)
 .debug_aranges
                0x00000528       0x20 ../Rotate_point_bsp/libhal_bsp.a(alt_read.o)
 .debug_aranges
                0x00000548       0x20 ../Rotate_point_bsp/libhal_bsp.a(alt_release_fd.o)
 .debug_aranges
                0x00000568       0x20 ../Rotate_point_bsp/libhal_bsp.a(alt_sbrk.o)
 .debug_aranges
                0x00000588       0x20 ../Rotate_point_bsp/libhal_bsp.a(alt_tick.o)
 .debug_aranges
                0x000005a8       0x20 ../Rotate_point_bsp/libhal_bsp.a(alt_write.o)
 .debug_aranges
                0x000005c8       0x20 ../Rotate_point_bsp/libhal_bsp.a(vga_controller.o)
 .debug_aranges
                0x000005e8       0x20 ../Rotate_point_bsp/libhal_bsp.a(alt_sys_init.o)
 .debug_aranges
                0x00000608       0x20 ../Rotate_point_bsp/libhal_bsp.a(altera_avalon_cfi_flash.o)
 .debug_aranges
                0x00000628       0x20 ../Rotate_point_bsp/libhal_bsp.a(altera_avalon_cfi_flash_table.o)
 .debug_aranges
                0x00000648       0x20 ../Rotate_point_bsp/libhal_bsp.a(altera_avalon_jtag_uart_fd.o)
 .debug_aranges
                0x00000668       0x20 ../Rotate_point_bsp/libhal_bsp.a(altera_avalon_jtag_uart_init.o)
 .debug_aranges
                0x00000688       0x20 ../Rotate_point_bsp/libhal_bsp.a(altera_avalon_jtag_uart_ioctl.o)
 .debug_aranges
                0x000006a8       0x20 ../Rotate_point_bsp/libhal_bsp.a(altera_avalon_jtag_uart_read.o)
 .debug_aranges
                0x000006c8       0x20 ../Rotate_point_bsp/libhal_bsp.a(altera_avalon_jtag_uart_write.o)
 .debug_aranges
                0x000006e8       0x20 ../Rotate_point_bsp/libhal_bsp.a(altera_avalon_timer_sc.o)
 .debug_aranges
                0x00000708       0x20 ../Rotate_point_bsp/libhal_bsp.a(alt_alarm_start.o)
 .debug_aranges
                0x00000728       0x20 ../Rotate_point_bsp/libhal_bsp.a(alt_dcache_flush.o)
 .debug_aranges
                0x00000748       0x20 ../Rotate_point_bsp/libhal_bsp.a(alt_dcache_flush_all.o)
 .debug_aranges
                0x00000768       0x20 ../Rotate_point_bsp/libhal_bsp.a(alt_dev_llist_insert.o)
 .debug_aranges
                0x00000788       0x20 ../Rotate_point_bsp/libhal_bsp.a(alt_do_ctors.o)
 .debug_aranges
                0x000007a8       0x20 ../Rotate_point_bsp/libhal_bsp.a(alt_do_dtors.o)
 .debug_aranges
                0x000007c8       0x20 ../Rotate_point_bsp/libhal_bsp.a(alt_find_dev.o)
 .debug_aranges
                0x000007e8       0x20 ../Rotate_point_bsp/libhal_bsp.a(alt_flash_dev.o)
 .debug_aranges
                0x00000808       0x20 ../Rotate_point_bsp/libhal_bsp.a(alt_icache_flush_all.o)
 .debug_aranges
                0x00000828       0x20 ../Rotate_point_bsp/libhal_bsp.a(alt_iic.o)
 .debug_aranges
                0x00000848       0x20 ../Rotate_point_bsp/libhal_bsp.a(alt_iic_isr_register.o)
 .debug_aranges
                0x00000868       0x20 ../Rotate_point_bsp/libhal_bsp.a(alt_io_redirect.o)
 .debug_aranges
                0x00000888       0x30 ../Rotate_point_bsp/libhal_bsp.a(alt_irq_entry.o)
 .debug_aranges
                0x000008b8       0x28 ../Rotate_point_bsp/libhal_bsp.a(alt_irq_handler.o)
 .debug_aranges
                0x000008e0       0x20 ../Rotate_point_bsp/libhal_bsp.a(alt_open.o)
 .debug_aranges
                0x00000900       0x20 ../Rotate_point_bsp/libhal_bsp.a(alt_uncached_malloc.o)
 .debug_aranges
                0x00000920       0x20 ../Rotate_point_bsp/libhal_bsp.a(altera_nios2_irq.o)
 .debug_aranges
                0x00000940       0x20 ../Rotate_point_bsp/libhal_bsp.a(altera_avalon_cfi_flash_amd.o)
 .debug_aranges
                0x00000960       0x20 ../Rotate_point_bsp/libhal_bsp.a(altera_avalon_cfi_flash_intel.o)
 .debug_aranges
                0x00000980       0x38 ../Rotate_point_bsp/libhal_bsp.a(alt_exception_entry.o)
 .debug_aranges
                0x000009b8       0x20 ../Rotate_point_bsp/libhal_bsp.a(alt_find_file.o)
 .debug_aranges
                0x000009d8       0x20 ../Rotate_point_bsp/libhal_bsp.a(alt_get_fd.o)
 .debug_aranges
                0x000009f8       0x20 ../Rotate_point_bsp/libhal_bsp.a(alt_icache_flush.o)
 .debug_aranges
                0x00000a18       0x20 ../Rotate_point_bsp/libhal_bsp.a(alt_usleep.o)
 .debug_aranges
                0x00000a38       0x20 ../Rotate_point_bsp/libhal_bsp.a(alt_busy_sleep.o)
 .debug_aranges
                0x00000a58       0x20 /usr/local/3rdparty/altera/quartus101/nios2eds/bin/gnu/H-i686-pc-linux-gnu/bin/../lib/gcc/nios2-elf/4.1.2/../../../../nios2-elf/lib/libc.a(lib_a-atexit.o)
 .debug_aranges
                0x00000a78       0x20 /usr/local/3rdparty/altera/quartus101/nios2eds/bin/gnu/H-i686-pc-linux-gnu/bin/../lib/gcc/nios2-elf/4.1.2/../../../../nios2-elf/lib/libc.a(lib_a-memcmp.o)
 .debug_aranges
                0x00000a98       0x20 /usr/local/3rdparty/altera/quartus101/nios2eds/bin/gnu/H-i686-pc-linux-gnu/bin/../lib/gcc/nios2-elf/4.1.2/../../../../nios2-elf/lib/libc.a(lib_a-__atexit.o)

.debug_pubnames
                0x00000000     0x1679
 *(.debug_pubnames)
 .debug_pubnames
                0x00000000      0x26e obj/./graphics_lib/simple_graphics.o
 .debug_pubnames
                0x0000026e      0x108 obj/hello_world.o
 .debug_pubnames
                0x00000376       0x48 /usr/local/3rdparty/altera/quartus101/nios2eds/bin/gnu/H-i686-pc-linux-gnu/bin/../lib/gcc/nios2-elf/4.1.2/libgcc.a(lib2-divmod.o)
 .debug_pubnames
                0x000003be       0x1b /usr/local/3rdparty/altera/quartus101/nios2eds/bin/gnu/H-i686-pc-linux-gnu/bin/../lib/gcc/nios2-elf/4.1.2/../../../../nios2-elf/lib/libc.a(lib_a-exit.o)
 .debug_pubnames
                0x000003d9       0x39 /usr/local/3rdparty/altera/quartus101/nios2eds/bin/gnu/H-i686-pc-linux-gnu/bin/../lib/gcc/nios2-elf/4.1.2/../../../../nios2-elf/lib/libc.a(lib_a-impure.o)
 .debug_pubnames
                0x00000412       0x26 /usr/local/3rdparty/altera/quartus101/nios2eds/bin/gnu/H-i686-pc-linux-gnu/bin/../lib/gcc/nios2-elf/4.1.2/../../../../nios2-elf/lib/libc.a(lib_a-malloc.o)
 .debug_pubnames
                0x00000438       0xce /usr/local/3rdparty/altera/quartus101/nios2eds/bin/gnu/H-i686-pc-linux-gnu/bin/../lib/gcc/nios2-elf/4.1.2/../../../../nios2-elf/lib/libc.a(lib_a-mallocr.o)
 .debug_pubnames
                0x00000506       0x1d /usr/local/3rdparty/altera/quartus101/nios2eds/bin/gnu/H-i686-pc-linux-gnu/bin/../lib/gcc/nios2-elf/4.1.2/../../../../nios2-elf/lib/libc.a(lib_a-memcpy.o)
 .debug_pubnames
                0x00000523       0x27 /usr/local/3rdparty/altera/quartus101/nios2eds/bin/gnu/H-i686-pc-linux-gnu/bin/../lib/gcc/nios2-elf/4.1.2/../../../../nios2-elf/lib/libc.a(lib_a-puts.o)
 .debug_pubnames
                0x0000054a       0x1e /usr/local/3rdparty/altera/quartus101/nios2eds/bin/gnu/H-i686-pc-linux-gnu/bin/../lib/gcc/nios2-elf/4.1.2/../../../../nios2-elf/lib/libc.a(lib_a-sbrkr.o)
 .debug_pubnames
                0x00000568       0x1d /usr/local/3rdparty/altera/quartus101/nios2eds/bin/gnu/H-i686-pc-linux-gnu/bin/../lib/gcc/nios2-elf/4.1.2/../../../../nios2-elf/lib/libc.a(lib_a-strcpy.o)
 .debug_pubnames
                0x00000585       0x1d /usr/local/3rdparty/altera/quartus101/nios2eds/bin/gnu/H-i686-pc-linux-gnu/bin/../lib/gcc/nios2-elf/4.1.2/../../../../nios2-elf/lib/libc.a(lib_a-strlen.o)
 .debug_pubnames
                0x000005a2       0x27 /usr/local/3rdparty/altera/quartus101/nios2eds/bin/gnu/H-i686-pc-linux-gnu/bin/../lib/gcc/nios2-elf/4.1.2/../../../../nios2-elf/lib/libc.a(lib_a-__call_atexit.o)
 .debug_pubnames
                0x000005c9       0x31 /usr/local/3rdparty/altera/quartus101/nios2eds/bin/gnu/H-i686-pc-linux-gnu/bin/../lib/gcc/nios2-elf/4.1.2/../../../../nios2-elf/lib/libc.a(lib_a-freer.o)
 .debug_pubnames
                0x000005fa       0x23 /usr/local/3rdparty/altera/quartus101/nios2eds/bin/gnu/H-i686-pc-linux-gnu/bin/../lib/gcc/nios2-elf/4.1.2/../../../../nios2-elf/lib/libc.a(lib_a-fvwrite.o)
 .debug_pubnames
                0x0000061d       0x1c /usr/local/3rdparty/altera/quartus101/nios2eds/bin/gnu/H-i686-pc-linux-gnu/bin/../lib/gcc/nios2-elf/4.1.2/../../../../nios2-elf/lib/libc.a(lib_a-int_errno.o)
 .debug_pubnames
                0x00000639       0x1d /usr/local/3rdparty/altera/quartus101/nios2eds/bin/gnu/H-i686-pc-linux-gnu/bin/../lib/gcc/nios2-elf/4.1.2/../../../../nios2-elf/lib/libc.a(lib_a-memchr.o)
 .debug_pubnames
                0x00000656       0x1e /usr/local/3rdparty/altera/quartus101/nios2eds/bin/gnu/H-i686-pc-linux-gnu/bin/../lib/gcc/nios2-elf/4.1.2/../../../../nios2-elf/lib/libc.a(lib_a-memmove.o)
 .debug_pubnames
                0x00000674       0x21 /usr/local/3rdparty/altera/quartus101/nios2eds/bin/gnu/H-i686-pc-linux-gnu/bin/../lib/gcc/nios2-elf/4.1.2/../../../../nios2-elf/lib/libc.a(lib_a-reallocr.o)
 .debug_pubnames
                0x00000695       0x22 /usr/local/3rdparty/altera/quartus101/nios2eds/bin/gnu/H-i686-pc-linux-gnu/bin/../lib/gcc/nios2-elf/4.1.2/../../../../nios2-elf/lib/libc.a(lib_a-wsetup.o)
 .debug_pubnames
                0x000006b7       0x2b /usr/local/3rdparty/altera/quartus101/nios2eds/bin/gnu/H-i686-pc-linux-gnu/bin/../lib/gcc/nios2-elf/4.1.2/../../../../nios2-elf/lib/libc.a(lib_a-fflush.o)
 .debug_pubnames
                0x000006e2       0xdb /usr/local/3rdparty/altera/quartus101/nios2eds/bin/gnu/H-i686-pc-linux-gnu/bin/../lib/gcc/nios2-elf/4.1.2/../../../../nios2-elf/lib/libc.a(lib_a-findfp.o)
 .debug_pubnames
                0x000007bd       0x2e /usr/local/3rdparty/altera/quartus101/nios2eds/bin/gnu/H-i686-pc-linux-gnu/bin/../lib/gcc/nios2-elf/4.1.2/../../../../nios2-elf/lib/libc.a(lib_a-fwalk.o)
 .debug_pubnames
                0x000007eb       0x23 /usr/local/3rdparty/altera/quartus101/nios2eds/bin/gnu/H-i686-pc-linux-gnu/bin/../lib/gcc/nios2-elf/4.1.2/../../../../nios2-elf/lib/libc.a(lib_a-makebuf.o)
 .debug_pubnames
                0x0000080e       0x1d /usr/local/3rdparty/altera/quartus101/nios2eds/bin/gnu/H-i686-pc-linux-gnu/bin/../lib/gcc/nios2-elf/4.1.2/../../../../nios2-elf/lib/libc.a(lib_a-memset.o)
 .debug_pubnames
                0x0000082b       0x44 /usr/local/3rdparty/altera/quartus101/nios2eds/bin/gnu/H-i686-pc-linux-gnu/bin/../lib/gcc/nios2-elf/4.1.2/../../../../nios2-elf/lib/libc.a(lib_a-stdio.o)
 .debug_pubnames
                0x0000086f       0x1f /usr/local/3rdparty/altera/quartus101/nios2eds/bin/gnu/H-i686-pc-linux-gnu/bin/../lib/gcc/nios2-elf/4.1.2/../../../../nios2-elf/lib/libc.a(lib_a-writer.o)
 .debug_pubnames
                0x0000088e       0x1f /usr/local/3rdparty/altera/quartus101/nios2eds/bin/gnu/H-i686-pc-linux-gnu/bin/../lib/gcc/nios2-elf/4.1.2/../../../../nios2-elf/lib/libc.a(lib_a-closer.o)
 .debug_pubnames
                0x000008ad       0x2b /usr/local/3rdparty/altera/quartus101/nios2eds/bin/gnu/H-i686-pc-linux-gnu/bin/../lib/gcc/nios2-elf/4.1.2/../../../../nios2-elf/lib/libc.a(lib_a-fclose.o)
 .debug_pubnames
                0x000008d8       0x1f /usr/local/3rdparty/altera/quartus101/nios2eds/bin/gnu/H-i686-pc-linux-gnu/bin/../lib/gcc/nios2-elf/4.1.2/../../../../nios2-elf/lib/libc.a(lib_a-fstatr.o)
 .debug_pubnames
                0x000008f7       0x20 /usr/local/3rdparty/altera/quartus101/nios2eds/bin/gnu/H-i686-pc-linux-gnu/bin/../lib/gcc/nios2-elf/4.1.2/../../../../nios2-elf/lib/libc.a(lib_a-isattyr.o)
 .debug_pubnames
                0x00000917       0x1f /usr/local/3rdparty/altera/quartus101/nios2eds/bin/gnu/H-i686-pc-linux-gnu/bin/../lib/gcc/nios2-elf/4.1.2/../../../../nios2-elf/lib/libc.a(lib_a-lseekr.o)
 .debug_pubnames
                0x00000936       0x1e /usr/local/3rdparty/altera/quartus101/nios2eds/bin/gnu/H-i686-pc-linux-gnu/bin/../lib/gcc/nios2-elf/4.1.2/../../../../nios2-elf/lib/libc.a(lib_a-readr.o)
 .debug_pubnames
                0x00000954       0x1c ../Rotate_point_bsp/libhal_bsp.a(alt_close.o)
 .debug_pubnames
                0x00000970       0x63 ../Rotate_point_bsp/libhal_bsp.a(alt_dev.o)
 .debug_pubnames
                0x000009d3       0x20 ../Rotate_point_bsp/libhal_bsp.a(alt_errno.o)
 .debug_pubnames
                0x000009f3       0x1c ../Rotate_point_bsp/libhal_bsp.a(alt_exit.o)
 .debug_pubnames
                0x00000a0f       0x1c ../Rotate_point_bsp/libhal_bsp.a(alt_fstat.o)
 .debug_pubnames
                0x00000a2b       0x1d ../Rotate_point_bsp/libhal_bsp.a(alt_isatty.o)
 .debug_pubnames
                0x00000a48       0x1f ../Rotate_point_bsp/libhal_bsp.a(alt_load.o)
 .debug_pubnames
                0x00000a67       0x1c ../Rotate_point_bsp/libhal_bsp.a(alt_lseek.o)
 .debug_pubnames
                0x00000a83       0x46 ../Rotate_point_bsp/libhal_bsp.a(alt_main.o)
 .debug_pubnames
                0x00000ac9       0x38 ../Rotate_point_bsp/libhal_bsp.a(alt_malloc_lock.o)
 .debug_pubnames
                0x00000b01       0x1b ../Rotate_point_bsp/libhal_bsp.a(alt_read.o)
 .debug_pubnames
                0x00000b1c       0x25 ../Rotate_point_bsp/libhal_bsp.a(alt_release_fd.o)
 .debug_pubnames
                0x00000b41       0x1b ../Rotate_point_bsp/libhal_bsp.a(alt_sbrk.o)
 .debug_pubnames
                0x00000b5c       0x68 ../Rotate_point_bsp/libhal_bsp.a(alt_tick.o)
 .debug_pubnames
                0x00000bc4       0x1c ../Rotate_point_bsp/libhal_bsp.a(alt_write.o)
 .debug_pubnames
                0x00000be0       0xb6 ../Rotate_point_bsp/libhal_bsp.a(vga_controller.o)
 .debug_pubnames
                0x00000c96       0x34 ../Rotate_point_bsp/libhal_bsp.a(alt_sys_init.o)
 .debug_pubnames
                0x00000cca       0xac ../Rotate_point_bsp/libhal_bsp.a(altera_avalon_cfi_flash.o)
 .debug_pubnames
                0x00000d76      0x27a ../Rotate_point_bsp/libhal_bsp.a(altera_avalon_cfi_flash_table.o)
 .debug_pubnames
                0x00000ff0       0xa5 ../Rotate_point_bsp/libhal_bsp.a(altera_avalon_jtag_uart_fd.o)
 .debug_pubnames
                0x00001095       0x55 ../Rotate_point_bsp/libhal_bsp.a(altera_avalon_jtag_uart_init.o)
 .debug_pubnames
                0x000010ea       0x34 ../Rotate_point_bsp/libhal_bsp.a(altera_avalon_jtag_uart_ioctl.o)
 .debug_pubnames
                0x0000111e       0x33 ../Rotate_point_bsp/libhal_bsp.a(altera_avalon_jtag_uart_read.o)
 .debug_pubnames
                0x00001151       0x34 ../Rotate_point_bsp/libhal_bsp.a(altera_avalon_jtag_uart_write.o)
 .debug_pubnames
                0x00001185       0x2f ../Rotate_point_bsp/libhal_bsp.a(altera_avalon_timer_sc.o)
 .debug_pubnames
                0x000011b4       0x26 ../Rotate_point_bsp/libhal_bsp.a(alt_alarm_start.o)
 .debug_pubnames
                0x000011da       0x27 ../Rotate_point_bsp/libhal_bsp.a(alt_dcache_flush.o)
 .debug_pubnames
                0x00001201       0x2b ../Rotate_point_bsp/libhal_bsp.a(alt_dcache_flush_all.o)
 .debug_pubnames
                0x0000122c       0x2b ../Rotate_point_bsp/libhal_bsp.a(alt_dev_llist_insert.o)
 .debug_pubnames
                0x00001257       0x20 ../Rotate_point_bsp/libhal_bsp.a(alt_do_ctors.o)
 .debug_pubnames
                0x00001277       0x20 ../Rotate_point_bsp/libhal_bsp.a(alt_do_dtors.o)
 .debug_pubnames
                0x00001297       0x23 ../Rotate_point_bsp/libhal_bsp.a(alt_find_dev.o)
 .debug_pubnames
                0x000012ba       0x58 ../Rotate_point_bsp/libhal_bsp.a(alt_flash_dev.o)
 .debug_pubnames
                0x00001312       0x2b ../Rotate_point_bsp/libhal_bsp.a(alt_icache_flush_all.o)
 .debug_pubnames
                0x0000133d       0x6e ../Rotate_point_bsp/libhal_bsp.a(alt_iic.o)
 .debug_pubnames
                0x000013ab       0x2b ../Rotate_point_bsp/libhal_bsp.a(alt_iic_isr_register.o)
 .debug_pubnames
                0x000013d6       0x26 ../Rotate_point_bsp/libhal_bsp.a(alt_io_redirect.o)
 .debug_pubnames
                0x000013fc       0x32 ../Rotate_point_bsp/libhal_bsp.a(alt_irq_handler.o)
 .debug_pubnames
                0x0000142e       0x3b ../Rotate_point_bsp/libhal_bsp.a(alt_irq_vars.o)
 .debug_pubnames
                0x00001469       0x1b ../Rotate_point_bsp/libhal_bsp.a(alt_open.o)
 .debug_pubnames
                0x00001484       0x2a ../Rotate_point_bsp/libhal_bsp.a(alt_uncached_malloc.o)
 .debug_pubnames
                0x000014ae       0x2c ../Rotate_point_bsp/libhal_bsp.a(altera_nios2_irq.o)
 .debug_pubnames